2025-11-14 06:50:37,380 - DCRNN-Occupancy - INFO - 혼잡도 전용 데이터셋 로드 중...
2025-11-14 06:50:37,454 - DCRNN-Occupancy - INFO - 계절별 균등 분할 완료:
2025-11-14 06:50:37,454 - DCRNN-Occupancy - INFO -   Train: 166일
2025-11-14 06:50:37,454 - DCRNN-Occupancy - INFO -   Val: 37일
2025-11-14 06:50:37,454 - DCRNN-Occupancy - INFO -   Test: 40일
2025-11-14 06:50:37,455 - DCRNN-Occupancy - INFO - 분할 정보 저장: data/seasonal_split.pkl
2025-11-14 06:50:46,522 - DCRNN-Occupancy - INFO - Train batches: 249
2025-11-14 06:50:46,522 - DCRNN-Occupancy - INFO - Val batches: 56
2025-11-14 06:50:46,524 - DCRNN-Occupancy - INFO - 혼잡도 전용 DCRNN 모델 구성 중...
2025-11-14 06:50:46,526 - DCRNN-Occupancy - INFO - Total parameters: 565,949
2025-11-14 06:50:46,526 - DCRNN-Occupancy - INFO - Trainable parameters: 565,949
2025-11-14 06:50:47,097 - DCRNN-Occupancy - INFO - 혼잡도 모델 훈련 설정 완료
2025-11-14 06:50:47,111 - DCRNN-Occupancy - INFO - 혼잡도 모델 훈련 시작...
2025-11-14 06:50:47,111 - DCRNN-Occupancy - INFO - 총 100 에포크 훈련 예정
2025-11-14 06:50:47,111 - DCRNN-Occupancy - INFO - 시작 에포크: 26
2025-11-14 06:50:47,111 - DCRNN-Occupancy - INFO - 디바이스: cpu
2025-11-14 06:50:47,262 - DCRNN-Occupancy - INFO - Epoch 26, Batch 0/249, Loss: 0.3239, TF Ratio: 0.100
2025-11-14 06:50:53,243 - DCRNN-Occupancy - INFO - Epoch 26, Batch 50/249, Loss: 0.2998, TF Ratio: 0.100
2025-11-14 06:50:59,154 - DCRNN-Occupancy - INFO - Epoch 26, Batch 100/249, Loss: 0.3118, TF Ratio: 0.100
2025-11-14 06:51:05,277 - DCRNN-Occupancy - INFO - Epoch 26, Batch 150/249, Loss: 0.2420, TF Ratio: 0.100
2025-11-14 06:51:11,078 - DCRNN-Occupancy - INFO - Epoch 26, Batch 200/249, Loss: 0.3661, TF Ratio: 0.100
2025-11-14 06:51:21,471 - DCRNN-Occupancy - INFO - Epoch 26: Train Loss: 0.2503, Val Loss: 0.2786, LR: 0.000415, Time: 34.4s
2025-11-14 06:51:21,472 - DCRNN-Occupancy - INFO - 혼잡도 예측 범위 (정규화): [-1.01, 2.55]
2025-11-14 06:51:21,472 - DCRNN-Occupancy - INFO - 혼잡도 예측 범위 (실제): [-0.1, 1612.4]명
2025-11-14 06:51:21,589 - DCRNN-Occupancy - INFO - Epoch 27, Batch 0/249, Loss: 0.2341, TF Ratio: 0.100
2025-11-14 06:51:27,709 - DCRNN-Occupancy - INFO - Epoch 27, Batch 50/249, Loss: 0.3709, TF Ratio: 0.100
2025-11-14 06:51:33,576 - DCRNN-Occupancy - INFO - Epoch 27, Batch 100/249, Loss: 0.2867, TF Ratio: 0.100
2025-11-14 06:51:39,678 - DCRNN-Occupancy - INFO - Epoch 27, Batch 150/249, Loss: 0.3102, TF Ratio: 0.100
2025-11-14 06:51:45,918 - DCRNN-Occupancy - INFO - Epoch 27, Batch 200/249, Loss: 0.2987, TF Ratio: 0.100
2025-11-14 06:51:55,809 - DCRNN-Occupancy - INFO - Epoch 27: Train Loss: 0.2426, Val Loss: 0.2796, LR: 0.000410, Time: 34.3s
2025-11-14 06:51:55,809 - DCRNN-Occupancy - INFO - 혼잡도 예측 범위 (정규화): [-1.01, 2.52]
2025-11-14 06:51:55,809 - DCRNN-Occupancy - INFO - 혼잡도 예측 범위 (실제): [-0.1, 1515.7]명
2025-11-14 06:51:55,923 - DCRNN-Occupancy - INFO - Epoch 28, Batch 0/249, Loss: 0.2173, TF Ratio: 0.100
2025-11-14 06:52:01,732 - DCRNN-Occupancy - INFO - Epoch 28, Batch 50/249, Loss: 0.4187, TF Ratio: 0.100
2025-11-14 06:52:07,506 - DCRNN-Occupancy - INFO - Epoch 28, Batch 100/249, Loss: 0.2893, TF Ratio: 0.100
2025-11-14 06:52:13,350 - DCRNN-Occupancy - INFO - Epoch 28, Batch 150/249, Loss: 0.2792, TF Ratio: 0.100
2025-11-14 06:52:19,170 - DCRNN-Occupancy - INFO - Epoch 28, Batch 200/249, Loss: 0.2693, TF Ratio: 0.100
2025-11-14 06:52:29,129 - DCRNN-Occupancy - INFO - Epoch 28: Train Loss: 0.2484, Val Loss: 0.2730, LR: 0.000403, Time: 33.3s
2025-11-14 06:52:29,129 - DCRNN-Occupancy - INFO - 혼잡도 예측 범위 (정규화): [-1.02, 2.53]
2025-11-14 06:52:29,129 - DCRNN-Occupancy - INFO - 혼잡도 예측 범위 (실제): [-0.1, 1556.4]명
2025-11-14 06:52:29,155 - DCRNN-Occupancy - INFO - Best occupancy model saved: checkpoints/occupancy_model/best_occupancy_model.pth
2025-11-14 06:52:29,277 - DCRNN-Occupancy - INFO - Epoch 29, Batch 0/249, Loss: 0.0264, TF Ratio: 0.100
2025-11-14 06:52:35,049 - DCRNN-Occupancy - INFO - Epoch 29, Batch 50/249, Loss: 0.0395, TF Ratio: 0.100
2025-11-14 06:52:40,766 - DCRNN-Occupancy - INFO - Epoch 29, Batch 100/249, Loss: 0.3058, TF Ratio: 0.100
2025-11-14 06:52:46,729 - DCRNN-Occupancy - INFO - Epoch 29, Batch 150/249, Loss: 0.2114, TF Ratio: 0.100
2025-11-14 06:52:52,634 - DCRNN-Occupancy - INFO - Epoch 29, Batch 200/249, Loss: 0.2597, TF Ratio: 0.100
2025-11-14 06:53:02,897 - DCRNN-Occupancy - INFO - Epoch 29: Train Loss: 0.2395, Val Loss: 0.2800, LR: 0.000397, Time: 33.7s
2025-11-14 06:53:02,897 - DCRNN-Occupancy - INFO - 혼잡도 예측 범위 (정규화): [-1.01, 2.51]
2025-11-14 06:53:02,897 - DCRNN-Occupancy - INFO - 혼잡도 예측 범위 (실제): [-0.1, 1491.0]명
2025-11-14 06:53:03,020 - DCRNN-Occupancy - INFO - Epoch 30, Batch 0/249, Loss: 0.0356, TF Ratio: 0.100
2025-11-14 06:53:09,199 - DCRNN-Occupancy - INFO - Epoch 30, Batch 50/249, Loss: 0.3670, TF Ratio: 0.100
2025-11-14 06:53:15,075 - DCRNN-Occupancy - INFO - Epoch 30, Batch 100/249, Loss: 0.3089, TF Ratio: 0.100
2025-11-14 06:53:20,963 - DCRNN-Occupancy - INFO - Epoch 30, Batch 150/249, Loss: 0.3236, TF Ratio: 0.100
2025-11-14 06:53:26,785 - DCRNN-Occupancy - INFO - Epoch 30, Batch 200/249, Loss: 0.1815, TF Ratio: 0.100
2025-11-14 06:53:36,683 - DCRNN-Occupancy - INFO - Epoch 30: Train Loss: 0.2455, Val Loss: 0.2716, LR: 0.000391, Time: 33.8s
2025-11-14 06:53:36,683 - DCRNN-Occupancy - INFO - 혼잡도 예측 범위 (정규화): [-1.02, 2.54]
2025-11-14 06:53:36,683 - DCRNN-Occupancy - INFO - 혼잡도 예측 범위 (실제): [-0.1, 1581.5]명
2025-11-14 06:53:36,703 - DCRNN-Occupancy - INFO - Best occupancy model saved: checkpoints/occupancy_model/best_occupancy_model.pth
2025-11-14 06:53:36,719 - DCRNN-Occupancy - INFO - Best occupancy model saved: checkpoints/occupancy_model/best_occupancy_model.pth
2025-11-14 06:53:36,834 - DCRNN-Occupancy - INFO - Epoch 31, Batch 0/249, Loss: 0.1760, TF Ratio: 0.100
2025-11-14 06:53:42,860 - DCRNN-Occupancy - INFO - Epoch 31, Batch 50/249, Loss: 0.3063, TF Ratio: 0.100
2025-11-14 06:53:49,215 - DCRNN-Occupancy - INFO - Epoch 31, Batch 100/249, Loss: 0.3551, TF Ratio: 0.100
2025-11-14 06:53:55,504 - DCRNN-Occupancy - INFO - Epoch 31, Batch 150/249, Loss: 0.3967, TF Ratio: 0.100
2025-11-14 06:54:01,663 - DCRNN-Occupancy - INFO - Epoch 31, Batch 200/249, Loss: 0.2187, TF Ratio: 0.100
2025-11-14 06:54:12,373 - DCRNN-Occupancy - INFO - Epoch 31: Train Loss: 0.2530, Val Loss: 0.2766, LR: 0.000384, Time: 35.7s
2025-11-14 06:54:12,373 - DCRNN-Occupancy - INFO - 혼잡도 예측 범위 (정규화): [-1.01, 2.55]
2025-11-14 06:54:12,373 - DCRNN-Occupancy - INFO - 혼잡도 예측 범위 (실제): [-0.1, 1630.1]명
2025-11-14 06:54:12,508 - DCRNN-Occupancy - INFO - Epoch 32, Batch 0/249, Loss: 0.2875, TF Ratio: 0.100
2025-11-14 06:54:18,683 - DCRNN-Occupancy - INFO - Epoch 32, Batch 50/249, Loss: 0.2160, TF Ratio: 0.100
2025-11-14 06:54:24,761 - DCRNN-Occupancy - INFO - Epoch 32, Batch 100/249, Loss: 0.2600, TF Ratio: 0.100
2025-11-14 06:54:30,878 - DCRNN-Occupancy - INFO - Epoch 32, Batch 150/249, Loss: 0.2824, TF Ratio: 0.100
2025-11-14 06:54:36,895 - DCRNN-Occupancy - INFO - Epoch 32, Batch 200/249, Loss: 0.1590, TF Ratio: 0.100
2025-11-14 06:54:47,078 - DCRNN-Occupancy - INFO - Epoch 32: Train Loss: 0.2354, Val Loss: 0.2727, LR: 0.000378, Time: 34.7s
2025-11-14 06:54:47,078 - DCRNN-Occupancy - INFO - 혼잡도 예측 범위 (정규화): [-1.02, 2.50]
2025-11-14 06:54:47,078 - DCRNN-Occupancy - INFO - 혼잡도 예측 범위 (실제): [-0.1, 1449.0]명
2025-11-14 06:54:47,191 - DCRNN-Occupancy - INFO - Epoch 33, Batch 0/249, Loss: 0.3333, TF Ratio: 0.100
2025-11-14 06:54:52,937 - DCRNN-Occupancy - INFO - Epoch 33, Batch 50/249, Loss: 0.1513, TF Ratio: 0.100
2025-11-14 06:54:58,662 - DCRNN-Occupancy - INFO - Epoch 33, Batch 100/249, Loss: 0.1863, TF Ratio: 0.100
2025-11-14 06:55:04,453 - DCRNN-Occupancy - INFO - Epoch 33, Batch 150/249, Loss: 0.3018, TF Ratio: 0.100
2025-11-14 06:55:10,330 - DCRNN-Occupancy - INFO - Epoch 33, Batch 200/249, Loss: 0.2215, TF Ratio: 0.100
2025-11-14 06:55:20,540 - DCRNN-Occupancy - INFO - Epoch 33: Train Loss: 0.2281, Val Loss: 0.2687, LR: 0.000371, Time: 33.5s
2025-11-14 06:55:20,540 - DCRNN-Occupancy - INFO - 혼잡도 예측 범위 (정규화): [-1.03, 2.51]
2025-11-14 06:55:20,540 - DCRNN-Occupancy - INFO - 혼잡도 예측 범위 (실제): [-0.1, 1502.1]명
2025-11-14 06:55:20,558 - DCRNN-Occupancy - INFO - Best occupancy model saved: checkpoints/occupancy_model/best_occupancy_model.pth
2025-11-14 06:55:20,675 - DCRNN-Occupancy - INFO - Epoch 34, Batch 0/249, Loss: 0.3025, TF Ratio: 0.100
2025-11-14 06:55:26,806 - DCRNN-Occupancy - INFO - Epoch 34, Batch 50/249, Loss: 0.3990, TF Ratio: 0.100
2025-11-14 06:55:33,058 - DCRNN-Occupancy - INFO - Epoch 34, Batch 100/249, Loss: 0.2968, TF Ratio: 0.100
2025-11-14 06:55:39,091 - DCRNN-Occupancy - INFO - Epoch 34, Batch 150/249, Loss: 0.0343, TF Ratio: 0.100
2025-11-14 06:55:45,402 - DCRNN-Occupancy - INFO - Epoch 34, Batch 200/249, Loss: 0.3196, TF Ratio: 0.100
2025-11-14 06:55:56,035 - DCRNN-Occupancy - INFO - Epoch 34: Train Loss: 0.2385, Val Loss: 0.2673, LR: 0.000364, Time: 35.5s
2025-11-14 06:55:56,035 - DCRNN-Occupancy - INFO - 혼잡도 예측 범위 (정규화): [-1.00, 2.46]
2025-11-14 06:55:56,035 - DCRNN-Occupancy - INFO - 혼잡도 예측 범위 (실제): [-0.1, 1350.3]명
2025-11-14 06:55:56,053 - DCRNN-Occupancy - INFO - Best occupancy model saved: checkpoints/occupancy_model/best_occupancy_model.pth
2025-11-14 06:55:56,174 - DCRNN-Occupancy - INFO - Epoch 35, Batch 0/249, Loss: 0.2615, TF Ratio: 0.100
2025-11-14 06:56:02,380 - DCRNN-Occupancy - INFO - Epoch 35, Batch 50/249, Loss: 0.2755, TF Ratio: 0.100
2025-11-14 06:56:08,418 - DCRNN-Occupancy - INFO - Epoch 35, Batch 100/249, Loss: 0.3127, TF Ratio: 0.100
2025-11-14 06:56:14,378 - DCRNN-Occupancy - INFO - Epoch 35, Batch 150/249, Loss: 0.1703, TF Ratio: 0.100
2025-11-14 06:56:20,235 - DCRNN-Occupancy - INFO - Epoch 35, Batch 200/249, Loss: 0.1893, TF Ratio: 0.100
2025-11-14 06:56:30,721 - DCRNN-Occupancy - INFO - Epoch 35: Train Loss: 0.2422, Val Loss: 0.2662, LR: 0.000357, Time: 34.7s
2025-11-14 06:56:30,721 - DCRNN-Occupancy - INFO - 혼잡도 예측 범위 (정규화): [-1.02, 2.54]
2025-11-14 06:56:30,722 - DCRNN-Occupancy - INFO - 혼잡도 예측 범위 (실제): [-0.1, 1575.7]명
2025-11-14 06:56:30,740 - DCRNN-Occupancy - INFO - Best occupancy model saved: checkpoints/occupancy_model/best_occupancy_model.pth
2025-11-14 06:56:30,861 - DCRNN-Occupancy - INFO - Epoch 36, Batch 0/249, Loss: 0.2829, TF Ratio: 0.100
2025-11-14 06:56:37,053 - DCRNN-Occupancy - INFO - Epoch 36, Batch 50/249, Loss: 0.0274, TF Ratio: 0.100
2025-11-14 06:56:43,136 - DCRNN-Occupancy - INFO - Epoch 36, Batch 100/249, Loss: 0.2230, TF Ratio: 0.100
2025-11-14 06:56:49,577 - DCRNN-Occupancy - INFO - Epoch 36, Batch 150/249, Loss: 0.3564, TF Ratio: 0.100
2025-11-14 06:56:55,587 - DCRNN-Occupancy - INFO - Epoch 36, Batch 200/249, Loss: 0.3235, TF Ratio: 0.100
2025-11-14 06:57:05,463 - DCRNN-Occupancy - INFO - Epoch 36: Train Loss: 0.2401, Val Loss: 0.2692, LR: 0.000350, Time: 34.7s
2025-11-14 06:57:05,463 - DCRNN-Occupancy - INFO - 혼잡도 예측 범위 (정규화): [-1.02, 2.52]
2025-11-14 06:57:05,463 - DCRNN-Occupancy - INFO - 혼잡도 예측 범위 (실제): [-0.1, 1527.6]명
2025-11-14 06:57:05,572 - DCRNN-Occupancy - INFO - Epoch 37, Batch 0/249, Loss: 0.2039, TF Ratio: 0.100
2025-11-14 06:57:11,383 - DCRNN-Occupancy - INFO - Epoch 37, Batch 50/249, Loss: 0.3053, TF Ratio: 0.100
2025-11-14 06:57:17,156 - DCRNN-Occupancy - INFO - Epoch 37, Batch 100/249, Loss: 0.2907, TF Ratio: 0.100
2025-11-14 06:57:22,907 - DCRNN-Occupancy - INFO - Epoch 37, Batch 150/249, Loss: 0.3191, TF Ratio: 0.100
2025-11-14 06:57:28,651 - DCRNN-Occupancy - INFO - Epoch 37, Batch 200/249, Loss: 0.2099, TF Ratio: 0.100
2025-11-14 06:57:38,513 - DCRNN-Occupancy - INFO - Epoch 37: Train Loss: 0.2325, Val Loss: 0.2638, LR: 0.000342, Time: 33.1s
2025-11-14 06:57:38,514 - DCRNN-Occupancy - INFO - 혼잡도 예측 범위 (정규화): [-1.02, 2.53]
2025-11-14 06:57:38,514 - DCRNN-Occupancy - INFO - 혼잡도 예측 범위 (실제): [-0.1, 1568.3]명
2025-11-14 06:57:38,536 - DCRNN-Occupancy - INFO - Best occupancy model saved: checkpoints/occupancy_model/best_occupancy_model.pth
2025-11-14 06:57:38,655 - DCRNN-Occupancy - INFO - Epoch 38, Batch 0/249, Loss: 0.2557, TF Ratio: 0.100
2025-11-14 06:57:44,416 - DCRNN-Occupancy - INFO - Epoch 38, Batch 50/249, Loss: 0.0211, TF Ratio: 0.100
2025-11-14 06:57:50,353 - DCRNN-Occupancy - INFO - Epoch 38, Batch 100/249, Loss: 0.1248, TF Ratio: 0.100
2025-11-14 06:57:56,121 - DCRNN-Occupancy - INFO - Epoch 38, Batch 150/249, Loss: 0.0591, TF Ratio: 0.100
2025-11-14 06:58:01,957 - DCRNN-Occupancy - INFO - Epoch 38, Batch 200/249, Loss: 0.1840, TF Ratio: 0.100
2025-11-14 06:58:11,909 - DCRNN-Occupancy - INFO - Epoch 38: Train Loss: 0.2379, Val Loss: 0.2654, LR: 0.000335, Time: 33.4s
2025-11-14 06:58:11,909 - DCRNN-Occupancy - INFO - 혼잡도 예측 범위 (정규화): [-1.01, 2.54]
2025-11-14 06:58:11,909 - DCRNN-Occupancy - INFO - 혼잡도 예측 범위 (실제): [-0.1, 1578.0]명
2025-11-14 06:58:12,024 - DCRNN-Occupancy - INFO - Epoch 39, Batch 0/249, Loss: 0.0342, TF Ratio: 0.100
2025-11-14 06:58:18,387 - DCRNN-Occupancy - INFO - Epoch 39, Batch 50/249, Loss: 0.0499, TF Ratio: 0.100
2025-11-14 06:58:24,343 - DCRNN-Occupancy - INFO - Epoch 39, Batch 100/249, Loss: 0.2524, TF Ratio: 0.100
2025-11-14 06:58:30,483 - DCRNN-Occupancy - INFO - Epoch 39, Batch 150/249, Loss: 0.2632, TF Ratio: 0.100
2025-11-14 06:58:36,392 - DCRNN-Occupancy - INFO - Epoch 39, Batch 200/249, Loss: 0.2980, TF Ratio: 0.100
2025-11-14 06:58:46,871 - DCRNN-Occupancy - INFO - Epoch 39: Train Loss: 0.2306, Val Loss: 0.2662, LR: 0.000328, Time: 35.0s
2025-11-14 06:58:46,871 - DCRNN-Occupancy - INFO - 혼잡도 예측 범위 (정규화): [-1.02, 2.51]
2025-11-14 06:58:46,871 - DCRNN-Occupancy - INFO - 혼잡도 예측 범위 (실제): [-0.1, 1478.3]명
2025-11-14 06:58:46,998 - DCRNN-Occupancy - INFO - Epoch 40, Batch 0/249, Loss: 0.1870, TF Ratio: 0.100
2025-11-14 06:58:52,930 - DCRNN-Occupancy - INFO - Epoch 40, Batch 50/249, Loss: 0.2387, TF Ratio: 0.100
2025-11-14 06:58:58,903 - DCRNN-Occupancy - INFO - Epoch 40, Batch 100/249, Loss: 0.3500, TF Ratio: 0.100
2025-11-14 06:59:04,745 - DCRNN-Occupancy - INFO - Epoch 40, Batch 150/249, Loss: 0.3778, TF Ratio: 0.100
2025-11-14 06:59:10,571 - DCRNN-Occupancy - INFO - Epoch 40, Batch 200/249, Loss: 0.2562, TF Ratio: 0.100
2025-11-14 06:59:20,621 - DCRNN-Occupancy - INFO - Epoch 40: Train Loss: 0.2363, Val Loss: 0.2630, LR: 0.000320, Time: 33.7s
2025-11-14 06:59:20,621 - DCRNN-Occupancy - INFO - 혼잡도 예측 범위 (정규화): [-1.02, 2.50]
2025-11-14 06:59:20,621 - DCRNN-Occupancy - INFO - 혼잡도 예측 범위 (실제): [-0.1, 1470.2]명
2025-11-14 06:59:20,639 - DCRNN-Occupancy - INFO - Best occupancy model saved: checkpoints/occupancy_model/best_occupancy_model.pth
2025-11-14 06:59:20,656 - DCRNN-Occupancy - INFO - Best occupancy model saved: checkpoints/occupancy_model/best_occupancy_model.pth
2025-11-14 06:59:20,776 - DCRNN-Occupancy - INFO - Epoch 41, Batch 0/249, Loss: 0.1809, TF Ratio: 0.100
2025-11-14 06:59:27,142 - DCRNN-Occupancy - INFO - Epoch 41, Batch 50/249, Loss: 0.1979, TF Ratio: 0.100
2025-11-14 06:59:33,264 - DCRNN-Occupancy - INFO - Epoch 41, Batch 100/249, Loss: 0.2633, TF Ratio: 0.100
2025-11-14 06:59:39,444 - DCRNN-Occupancy - INFO - Epoch 41, Batch 150/249, Loss: 0.2444, TF Ratio: 0.100
2025-11-14 06:59:45,861 - DCRNN-Occupancy - INFO - Epoch 41, Batch 200/249, Loss: 0.3181, TF Ratio: 0.100
2025-11-14 06:59:55,977 - DCRNN-Occupancy - INFO - Epoch 41: Train Loss: 0.2348, Val Loss: 0.2678, LR: 0.000313, Time: 35.3s
2025-11-14 06:59:55,977 - DCRNN-Occupancy - INFO - 혼잡도 예측 범위 (정규화): [-1.00, 2.54]
2025-11-14 06:59:55,977 - DCRNN-Occupancy - INFO - 혼잡도 예측 범위 (실제): [-0.1, 1571.1]명
2025-11-14 06:59:56,093 - DCRNN-Occupancy - INFO - Epoch 42, Batch 0/249, Loss: 0.2591, TF Ratio: 0.100
2025-11-14 07:00:01,912 - DCRNN-Occupancy - INFO - Epoch 42, Batch 50/249, Loss: 0.3476, TF Ratio: 0.100
2025-11-14 07:00:07,752 - DCRNN-Occupancy - INFO - Epoch 42, Batch 100/249, Loss: 0.2021, TF Ratio: 0.100
2025-11-14 07:00:13,605 - DCRNN-Occupancy - INFO - Epoch 42, Batch 150/249, Loss: 0.1739, TF Ratio: 0.100
2025-11-14 07:00:19,848 - DCRNN-Occupancy - INFO - Epoch 42, Batch 200/249, Loss: 0.3566, TF Ratio: 0.100
2025-11-14 07:00:30,723 - DCRNN-Occupancy - INFO - Epoch 42: Train Loss: 0.2309, Val Loss: 0.2604, LR: 0.000305, Time: 34.7s
2025-11-14 07:00:30,723 - DCRNN-Occupancy - INFO - 혼잡도 예측 범위 (정규화): [-1.01, 2.50]
2025-11-14 07:00:30,723 - DCRNN-Occupancy - INFO - 혼잡도 예측 범위 (실제): [-0.1, 1466.1]명
2025-11-14 07:00:30,743 - DCRNN-Occupancy - INFO - Best occupancy model saved: checkpoints/occupancy_model/best_occupancy_model.pth
2025-11-14 07:00:30,866 - DCRNN-Occupancy - INFO - Epoch 43, Batch 0/249, Loss: 0.2154, TF Ratio: 0.100
2025-11-14 07:00:37,245 - DCRNN-Occupancy - INFO - Epoch 43, Batch 50/249, Loss: 0.3315, TF Ratio: 0.100
2025-11-14 07:00:43,406 - DCRNN-Occupancy - INFO - Epoch 43, Batch 100/249, Loss: 0.1478, TF Ratio: 0.100
2025-11-14 07:00:49,430 - DCRNN-Occupancy - INFO - Epoch 43, Batch 150/249, Loss: 0.0211, TF Ratio: 0.100
2025-11-14 07:00:55,303 - DCRNN-Occupancy - INFO - Epoch 43, Batch 200/249, Loss: 0.0249, TF Ratio: 0.100
2025-11-14 07:01:05,362 - DCRNN-Occupancy - INFO - Epoch 43: Train Loss: 0.2267, Val Loss: 0.2677, LR: 0.000297, Time: 34.6s
2025-11-14 07:01:05,362 - DCRNN-Occupancy - INFO - 혼잡도 예측 범위 (정규화): [-1.00, 2.55]
2025-11-14 07:01:05,362 - DCRNN-Occupancy - INFO - 혼잡도 예측 범위 (실제): [-0.1, 1608.8]명
2025-11-14 07:01:05,477 - DCRNN-Occupancy - INFO - Epoch 44, Batch 0/249, Loss: 0.2758, TF Ratio: 0.100
2025-11-14 07:01:11,274 - DCRNN-Occupancy - INFO - Epoch 44, Batch 50/249, Loss: 0.2108, TF Ratio: 0.100
2025-11-14 07:01:17,038 - DCRNN-Occupancy - INFO - Epoch 44, Batch 100/249, Loss: 0.2997, TF Ratio: 0.100
2025-11-14 07:01:22,896 - DCRNN-Occupancy - INFO - Epoch 44, Batch 150/249, Loss: 0.3357, TF Ratio: 0.100
2025-11-14 07:01:28,844 - DCRNN-Occupancy - INFO - Epoch 44, Batch 200/249, Loss: 0.2273, TF Ratio: 0.100
2025-11-14 07:01:39,023 - DCRNN-Occupancy - INFO - Epoch 44: Train Loss: 0.2282, Val Loss: 0.2608, LR: 0.000290, Time: 33.7s
2025-11-14 07:01:39,023 - DCRNN-Occupancy - INFO - 혼잡도 예측 범위 (정규화): [-1.01, 2.52]
2025-11-14 07:01:39,023 - DCRNN-Occupancy - INFO - 혼잡도 예측 범위 (실제): [-0.1, 1526.9]명
2025-11-14 07:01:39,145 - DCRNN-Occupancy - INFO - Epoch 45, Batch 0/249, Loss: 0.0280, TF Ratio: 0.100
2025-11-14 07:01:44,982 - DCRNN-Occupancy - INFO - Epoch 45, Batch 50/249, Loss: 0.0586, TF Ratio: 0.100
2025-11-14 07:01:51,273 - DCRNN-Occupancy - INFO - Epoch 45, Batch 100/249, Loss: 0.2463, TF Ratio: 0.100
2025-11-14 07:01:57,286 - DCRNN-Occupancy - INFO - Epoch 45, Batch 150/249, Loss: 0.2785, TF Ratio: 0.100
2025-11-14 07:02:03,066 - DCRNN-Occupancy - INFO - Epoch 45, Batch 200/249, Loss: 0.2868, TF Ratio: 0.100
2025-11-14 07:02:13,077 - DCRNN-Occupancy - INFO - Epoch 45: Train Loss: 0.2323, Val Loss: 0.2567, LR: 0.000282, Time: 34.1s
2025-11-14 07:02:13,077 - DCRNN-Occupancy - INFO - 혼잡도 예측 범위 (정규화): [-1.00, 2.50]
2025-11-14 07:02:13,077 - DCRNN-Occupancy - INFO - 혼잡도 예측 범위 (실제): [-0.1, 1449.5]명
2025-11-14 07:02:13,096 - DCRNN-Occupancy - INFO - Best occupancy model saved: checkpoints/occupancy_model/best_occupancy_model.pth
2025-11-14 07:02:13,217 - DCRNN-Occupancy - INFO - Epoch 46, Batch 0/249, Loss: 0.2502, TF Ratio: 0.100
2025-11-14 07:02:19,265 - DCRNN-Occupancy - INFO - Epoch 46, Batch 50/249, Loss: 0.2149, TF Ratio: 0.100
2025-11-14 07:02:25,243 - DCRNN-Occupancy - INFO - Epoch 46, Batch 100/249, Loss: 0.2233, TF Ratio: 0.100
2025-11-14 07:02:31,064 - DCRNN-Occupancy - INFO - Epoch 46, Batch 150/249, Loss: 0.2933, TF Ratio: 0.100
2025-11-14 07:02:36,838 - DCRNN-Occupancy - INFO - Epoch 46, Batch 200/249, Loss: 0.2293, TF Ratio: 0.100
2025-11-14 07:02:46,977 - DCRNN-Occupancy - INFO - Epoch 46: Train Loss: 0.2291, Val Loss: 0.2578, LR: 0.000274, Time: 33.9s
2025-11-14 07:02:46,977 - DCRNN-Occupancy - INFO - 혼잡도 예측 범위 (정규화): [-1.01, 2.49]
2025-11-14 07:02:46,977 - DCRNN-Occupancy - INFO - 혼잡도 예측 범위 (실제): [-0.1, 1418.6]명
2025-11-14 07:02:47,096 - DCRNN-Occupancy - INFO - Epoch 47, Batch 0/249, Loss: 0.2167, TF Ratio: 0.100
2025-11-14 07:02:52,899 - DCRNN-Occupancy - INFO - Epoch 47, Batch 50/249, Loss: 0.3226, TF Ratio: 0.100
2025-11-14 07:02:58,732 - DCRNN-Occupancy - INFO - Epoch 47, Batch 100/249, Loss: 0.1836, TF Ratio: 0.100
2025-11-14 07:03:04,806 - DCRNN-Occupancy - INFO - Epoch 47, Batch 150/249, Loss: 0.2322, TF Ratio: 0.100
2025-11-14 07:03:10,792 - DCRNN-Occupancy - INFO - Epoch 47, Batch 200/249, Loss: 0.2609, TF Ratio: 0.100
2025-11-14 07:03:20,498 - DCRNN-Occupancy - INFO - Epoch 47: Train Loss: 0.2300, Val Loss: 0.2574, LR: 0.000266, Time: 33.5s
2025-11-14 07:03:20,498 - DCRNN-Occupancy - INFO - 혼잡도 예측 범위 (정규화): [-1.03, 2.52]
2025-11-14 07:03:20,499 - DCRNN-Occupancy - INFO - 혼잡도 예측 범위 (실제): [-0.1, 1516.5]명
2025-11-14 07:03:20,614 - DCRNN-Occupancy - INFO - Epoch 48, Batch 0/249, Loss: 0.3296, TF Ratio: 0.100
2025-11-14 07:03:26,413 - DCRNN-Occupancy - INFO - Epoch 48, Batch 50/249, Loss: 0.1684, TF Ratio: 0.100
2025-11-14 07:03:32,386 - DCRNN-Occupancy - INFO - Epoch 48, Batch 100/249, Loss: 0.3239, TF Ratio: 0.100
2025-11-14 07:03:38,280 - DCRNN-Occupancy - INFO - Epoch 48, Batch 150/249, Loss: 0.1822, TF Ratio: 0.100
2025-11-14 07:03:44,086 - DCRNN-Occupancy - INFO - Epoch 48, Batch 200/249, Loss: 0.3436, TF Ratio: 0.100
2025-11-14 07:03:54,320 - DCRNN-Occupancy - INFO - Epoch 48: Train Loss: 0.2267, Val Loss: 0.2561, LR: 0.000258, Time: 33.8s
2025-11-14 07:03:54,320 - DCRNN-Occupancy - INFO - 혼잡도 예측 범위 (정규화): [-1.00, 2.50]
2025-11-14 07:03:54,320 - DCRNN-Occupancy - INFO - 혼잡도 예측 범위 (실제): [-0.1, 1454.7]명
2025-11-14 07:03:54,345 - DCRNN-Occupancy - INFO - Best occupancy model saved: checkpoints/occupancy_model/best_occupancy_model.pth
2025-11-14 07:03:54,462 - DCRNN-Occupancy - INFO - Epoch 49, Batch 0/249, Loss: 0.3082, TF Ratio: 0.100
2025-11-14 07:04:00,243 - DCRNN-Occupancy - INFO - Epoch 49, Batch 50/249, Loss: 0.2119, TF Ratio: 0.100
2025-11-14 07:04:06,280 - DCRNN-Occupancy - INFO - Epoch 49, Batch 100/249, Loss: 0.2419, TF Ratio: 0.100
2025-11-14 07:04:12,037 - DCRNN-Occupancy - INFO - Epoch 49, Batch 150/249, Loss: 0.2176, TF Ratio: 0.100
2025-11-14 07:04:17,916 - DCRNN-Occupancy - INFO - Epoch 49, Batch 200/249, Loss: 0.1313, TF Ratio: 0.100
2025-11-14 07:04:28,212 - DCRNN-Occupancy - INFO - Epoch 49: Train Loss: 0.2293, Val Loss: 0.2548, LR: 0.000251, Time: 33.9s
2025-11-14 07:04:28,213 - DCRNN-Occupancy - INFO - 혼잡도 예측 범위 (정규화): [-1.02, 2.52]
2025-11-14 07:04:28,213 - DCRNN-Occupancy - INFO - 혼잡도 예측 범위 (실제): [-0.1, 1525.2]명
2025-11-14 07:04:28,233 - DCRNN-Occupancy - INFO - Best occupancy model saved: checkpoints/occupancy_model/best_occupancy_model.pth
2025-11-14 07:04:28,347 - DCRNN-Occupancy - INFO - Epoch 50, Batch 0/249, Loss: 0.2392, TF Ratio: 0.100
2025-11-14 07:04:34,163 - DCRNN-Occupancy - INFO - Epoch 50, Batch 50/249, Loss: 0.2246, TF Ratio: 0.100
2025-11-14 07:04:40,001 - DCRNN-Occupancy - INFO - Epoch 50, Batch 100/249, Loss: 0.1518, TF Ratio: 0.100
2025-11-14 07:04:46,181 - DCRNN-Occupancy - INFO - Epoch 50, Batch 150/249, Loss: 0.0564, TF Ratio: 0.100
2025-11-14 07:04:52,152 - DCRNN-Occupancy - INFO - Epoch 50, Batch 200/249, Loss: 0.2010, TF Ratio: 0.100
2025-11-14 07:05:02,324 - DCRNN-Occupancy - INFO - Epoch 50: Train Loss: 0.2267, Val Loss: 0.2583, LR: 0.000243, Time: 34.1s
2025-11-14 07:05:02,324 - DCRNN-Occupancy - INFO - 혼잡도 예측 범위 (정규화): [-1.01, 2.51]
2025-11-14 07:05:02,324 - DCRNN-Occupancy - INFO - 혼잡도 예측 범위 (실제): [-0.1, 1491.5]명
2025-11-14 07:05:02,457 - DCRNN-Occupancy - INFO - Epoch 51, Batch 0/249, Loss: 0.3122, TF Ratio: 0.100
2025-11-14 07:05:08,475 - DCRNN-Occupancy - INFO - Epoch 51, Batch 50/249, Loss: 0.2623, TF Ratio: 0.100
2025-11-14 07:05:14,391 - DCRNN-Occupancy - INFO - Epoch 51, Batch 100/249, Loss: 0.2902, TF Ratio: 0.100
2025-11-14 07:05:20,222 - DCRNN-Occupancy - INFO - Epoch 51, Batch 150/249, Loss: 0.1844, TF Ratio: 0.100
2025-11-14 07:05:26,004 - DCRNN-Occupancy - INFO - Epoch 51, Batch 200/249, Loss: 0.2902, TF Ratio: 0.100
2025-11-14 07:05:35,733 - DCRNN-Occupancy - INFO - Epoch 51: Train Loss: 0.2145, Val Loss: 0.2605, LR: 0.000235, Time: 33.4s
2025-11-14 07:05:35,733 - DCRNN-Occupancy - INFO - 혼잡도 예측 범위 (정규화): [-1.03, 2.50]
2025-11-14 07:05:35,733 - DCRNN-Occupancy - INFO - 혼잡도 예측 범위 (실제): [-0.1, 1451.1]명
2025-11-14 07:05:35,846 - DCRNN-Occupancy - INFO - Epoch 52, Batch 0/249, Loss: 0.1939, TF Ratio: 0.100
2025-11-14 07:05:41,648 - DCRNN-Occupancy - INFO - Epoch 52, Batch 50/249, Loss: 0.0237, TF Ratio: 0.100
2025-11-14 07:05:47,575 - DCRNN-Occupancy - INFO - Epoch 52, Batch 100/249, Loss: 0.0222, TF Ratio: 0.100
2025-11-14 07:05:53,340 - DCRNN-Occupancy - INFO - Epoch 52, Batch 150/249, Loss: 0.2609, TF Ratio: 0.100
2025-11-14 07:05:59,145 - DCRNN-Occupancy - INFO - Epoch 52, Batch 200/249, Loss: 0.2029, TF Ratio: 0.100
2025-11-14 07:06:09,123 - DCRNN-Occupancy - INFO - Epoch 52: Train Loss: 0.2209, Val Loss: 0.2610, LR: 0.000227, Time: 33.4s
2025-11-14 07:06:09,123 - DCRNN-Occupancy - INFO - 혼잡도 예측 범위 (정규화): [-1.02, 2.53]
2025-11-14 07:06:09,123 - DCRNN-Occupancy - INFO - 혼잡도 예측 범위 (실제): [-0.1, 1539.1]명
2025-11-14 07:06:09,240 - DCRNN-Occupancy - INFO - Epoch 53, Batch 0/249, Loss: 0.1746, TF Ratio: 0.100
2025-11-14 07:06:15,014 - DCRNN-Occupancy - INFO - Epoch 53, Batch 50/249, Loss: 0.2627, TF Ratio: 0.100
2025-11-14 07:06:20,823 - DCRNN-Occupancy - INFO - Epoch 53, Batch 100/249, Loss: 0.2693, TF Ratio: 0.100
2025-11-14 07:06:26,669 - DCRNN-Occupancy - INFO - Epoch 53, Batch 150/249, Loss: 0.3251, TF Ratio: 0.100
2025-11-14 07:06:32,502 - DCRNN-Occupancy - INFO - Epoch 53, Batch 200/249, Loss: 0.3435, TF Ratio: 0.100
2025-11-14 07:06:42,258 - DCRNN-Occupancy - INFO - Epoch 53: Train Loss: 0.2193, Val Loss: 0.2563, LR: 0.000219, Time: 33.1s
2025-11-14 07:06:42,258 - DCRNN-Occupancy - INFO - 혼잡도 예측 범위 (정규화): [-1.01, 2.51]
2025-11-14 07:06:42,258 - DCRNN-Occupancy - INFO - 혼잡도 예측 범위 (실제): [-0.1, 1496.0]명
2025-11-14 07:06:42,371 - DCRNN-Occupancy - INFO - Epoch 54, Batch 0/249, Loss: 0.2264, TF Ratio: 0.100
2025-11-14 07:06:48,296 - DCRNN-Occupancy - INFO - Epoch 54, Batch 50/249, Loss: 0.2332, TF Ratio: 0.100
2025-11-14 07:06:54,085 - DCRNN-Occupancy - INFO - Epoch 54, Batch 100/249, Loss: 0.2287, TF Ratio: 0.100
2025-11-14 07:06:59,876 - DCRNN-Occupancy - INFO - Epoch 54, Batch 150/249, Loss: 0.2375, TF Ratio: 0.100
2025-11-14 07:07:05,637 - DCRNN-Occupancy - INFO - Epoch 54, Batch 200/249, Loss: 0.1025, TF Ratio: 0.100
2025-11-14 07:07:15,520 - DCRNN-Occupancy - INFO - Epoch 54: Train Loss: 0.2221, Val Loss: 0.2531, LR: 0.000211, Time: 33.3s
2025-11-14 07:07:15,520 - DCRNN-Occupancy - INFO - 혼잡도 예측 범위 (정규화): [-1.01, 2.50]
2025-11-14 07:07:15,520 - DCRNN-Occupancy - INFO - 혼잡도 예측 범위 (실제): [-0.1, 1453.5]명
2025-11-14 07:07:15,542 - DCRNN-Occupancy - INFO - Best occupancy model saved: checkpoints/occupancy_model/best_occupancy_model.pth
2025-11-14 07:07:15,655 - DCRNN-Occupancy - INFO - Epoch 55, Batch 0/249, Loss: 0.2380, TF Ratio: 0.100
2025-11-14 07:07:21,551 - DCRNN-Occupancy - INFO - Epoch 55, Batch 50/249, Loss: 0.2463, TF Ratio: 0.100
2025-11-14 07:07:27,342 - DCRNN-Occupancy - INFO - Epoch 55, Batch 100/249, Loss: 0.1955, TF Ratio: 0.100
2025-11-14 07:07:33,127 - DCRNN-Occupancy - INFO - Epoch 55, Batch 150/249, Loss: 0.1253, TF Ratio: 0.100
2025-11-14 07:07:38,900 - DCRNN-Occupancy - INFO - Epoch 55, Batch 200/249, Loss: 0.2142, TF Ratio: 0.100
2025-11-14 07:07:48,803 - DCRNN-Occupancy - INFO - Epoch 55: Train Loss: 0.2212, Val Loss: 0.2561, LR: 0.000204, Time: 33.3s
2025-11-14 07:07:48,803 - DCRNN-Occupancy - INFO - 혼잡도 예측 범위 (정규화): [-0.99, 2.50]
2025-11-14 07:07:48,803 - DCRNN-Occupancy - INFO - 혼잡도 예측 범위 (실제): [-0.1, 1461.6]명
2025-11-14 07:07:48,917 - DCRNN-Occupancy - INFO - Epoch 56, Batch 0/249, Loss: 0.2109, TF Ratio: 0.100
2025-11-14 07:07:54,702 - DCRNN-Occupancy - INFO - Epoch 56, Batch 50/249, Loss: 0.0241, TF Ratio: 0.100
2025-11-14 07:08:00,534 - DCRNN-Occupancy - INFO - Epoch 56, Batch 100/249, Loss: 0.2112, TF Ratio: 0.100
2025-11-14 07:08:06,353 - DCRNN-Occupancy - INFO - Epoch 56, Batch 150/249, Loss: 0.2360, TF Ratio: 0.100
2025-11-14 07:08:12,137 - DCRNN-Occupancy - INFO - Epoch 56, Batch 200/249, Loss: 0.3270, TF Ratio: 0.100
2025-11-14 07:08:21,904 - DCRNN-Occupancy - INFO - Epoch 56: Train Loss: 0.2195, Val Loss: 0.2548, LR: 0.000196, Time: 33.1s
2025-11-14 07:08:21,904 - DCRNN-Occupancy - INFO - 혼잡도 예측 범위 (정규화): [-1.00, 2.49]
2025-11-14 07:08:21,904 - DCRNN-Occupancy - INFO - 혼잡도 예측 범위 (실제): [-0.1, 1415.2]명
2025-11-14 07:08:22,020 - DCRNN-Occupancy - INFO - Epoch 57, Batch 0/249, Loss: 0.2218, TF Ratio: 0.100
2025-11-14 07:08:27,740 - DCRNN-Occupancy - INFO - Epoch 57, Batch 50/249, Loss: 0.3961, TF Ratio: 0.100
2025-11-14 07:08:33,520 - DCRNN-Occupancy - INFO - Epoch 57, Batch 100/249, Loss: 0.1654, TF Ratio: 0.100
2025-11-14 07:08:39,712 - DCRNN-Occupancy - INFO - Epoch 57, Batch 150/249, Loss: 0.2477, TF Ratio: 0.100
2025-11-14 07:08:45,724 - DCRNN-Occupancy - INFO - Epoch 57, Batch 200/249, Loss: 0.0218, TF Ratio: 0.100
2025-11-14 07:08:57,044 - DCRNN-Occupancy - INFO - Epoch 57: Train Loss: 0.2169, Val Loss: 0.2600, LR: 0.000188, Time: 35.1s
2025-11-14 07:08:57,044 - DCRNN-Occupancy - INFO - 혼잡도 예측 범위 (정규화): [-1.00, 2.53]
2025-11-14 07:08:57,044 - DCRNN-Occupancy - INFO - 혼잡도 예측 범위 (실제): [-0.1, 1552.7]명
2025-11-14 07:08:57,157 - DCRNN-Occupancy - INFO - Epoch 58, Batch 0/249, Loss: 0.1907, TF Ratio: 0.100
2025-11-14 07:09:03,236 - DCRNN-Occupancy - INFO - Epoch 58, Batch 50/249, Loss: 0.2435, TF Ratio: 0.100
2025-11-14 07:09:09,032 - DCRNN-Occupancy - INFO - Epoch 58, Batch 100/249, Loss: 0.2827, TF Ratio: 0.100
2025-11-14 07:09:14,822 - DCRNN-Occupancy - INFO - Epoch 58, Batch 150/249, Loss: 0.2225, TF Ratio: 0.100
2025-11-14 07:09:20,632 - DCRNN-Occupancy - INFO - Epoch 58, Batch 200/249, Loss: 0.2097, TF Ratio: 0.100
2025-11-14 07:09:30,320 - DCRNN-Occupancy - INFO - Epoch 58: Train Loss: 0.2115, Val Loss: 0.2582, LR: 0.000181, Time: 33.3s
2025-11-14 07:09:30,320 - DCRNN-Occupancy - INFO - 혼잡도 예측 범위 (정규화): [-0.99, 2.52]
2025-11-14 07:09:30,320 - DCRNN-Occupancy - INFO - 혼잡도 예측 범위 (실제): [-0.0, 1512.2]명
2025-11-14 07:09:30,434 - DCRNN-Occupancy - INFO - Epoch 59, Batch 0/249, Loss: 0.2884, TF Ratio: 0.100
2025-11-14 07:09:36,253 - DCRNN-Occupancy - INFO - Epoch 59, Batch 50/249, Loss: 0.1992, TF Ratio: 0.100
2025-11-14 07:09:42,047 - DCRNN-Occupancy - INFO - Epoch 59, Batch 100/249, Loss: 0.3104, TF Ratio: 0.100
2025-11-14 07:09:47,958 - DCRNN-Occupancy - INFO - Epoch 59, Batch 150/249, Loss: 0.2649, TF Ratio: 0.100
2025-11-14 07:09:53,746 - DCRNN-Occupancy - INFO - Epoch 59, Batch 200/249, Loss: 0.0214, TF Ratio: 0.100
2025-11-14 07:10:03,549 - DCRNN-Occupancy - INFO - Epoch 59: Train Loss: 0.2180, Val Loss: 0.2530, LR: 0.000173, Time: 33.2s
2025-11-14 07:10:03,549 - DCRNN-Occupancy - INFO - 혼잡도 예측 범위 (정규화): [-1.00, 2.48]
2025-11-14 07:10:03,549 - DCRNN-Occupancy - INFO - 혼잡도 예측 범위 (실제): [-0.1, 1413.2]명
2025-11-14 07:10:03,567 - DCRNN-Occupancy - INFO - Best occupancy model saved: checkpoints/occupancy_model/best_occupancy_model.pth
2025-11-14 07:10:03,683 - DCRNN-Occupancy - INFO - Epoch 60, Batch 0/249, Loss: 0.2058, TF Ratio: 0.100
2025-11-14 07:10:09,439 - DCRNN-Occupancy - INFO - Epoch 60, Batch 50/249, Loss: 0.2580, TF Ratio: 0.100
2025-11-14 07:10:15,204 - DCRNN-Occupancy - INFO - Epoch 60, Batch 100/249, Loss: 0.2075, TF Ratio: 0.100
2025-11-14 07:10:20,967 - DCRNN-Occupancy - INFO - Epoch 60, Batch 150/249, Loss: 0.2607, TF Ratio: 0.100
2025-11-14 07:10:26,761 - DCRNN-Occupancy - INFO - Epoch 60, Batch 200/249, Loss: 0.0265, TF Ratio: 0.100
2025-11-14 07:10:37,236 - DCRNN-Occupancy - INFO - Epoch 60: Train Loss: 0.2154, Val Loss: 0.2513, LR: 0.000166, Time: 33.7s
2025-11-14 07:10:37,236 - DCRNN-Occupancy - INFO - 혼잡도 예측 범위 (정규화): [-1.00, 2.50]
2025-11-14 07:10:37,236 - DCRNN-Occupancy - INFO - 혼잡도 예측 범위 (실제): [-0.1, 1473.2]명
2025-11-14 07:10:37,254 - DCRNN-Occupancy - INFO - Best occupancy model saved: checkpoints/occupancy_model/best_occupancy_model.pth
2025-11-14 07:10:37,272 - DCRNN-Occupancy - INFO - Best occupancy model saved: checkpoints/occupancy_model/best_occupancy_model.pth
2025-11-14 07:10:37,402 - DCRNN-Occupancy - INFO - Epoch 61, Batch 0/249, Loss: 0.1564, TF Ratio: 0.100
2025-11-14 07:10:43,765 - DCRNN-Occupancy - INFO - Epoch 61, Batch 50/249, Loss: 0.1907, TF Ratio: 0.100
2025-11-14 07:10:50,107 - DCRNN-Occupancy - INFO - Epoch 61, Batch 100/249, Loss: 0.2395, TF Ratio: 0.100
2025-11-14 07:10:56,554 - DCRNN-Occupancy - INFO - Epoch 61, Batch 150/249, Loss: 0.1904, TF Ratio: 0.100
2025-11-14 07:11:02,919 - DCRNN-Occupancy - INFO - Epoch 61, Batch 200/249, Loss: 0.2016, TF Ratio: 0.100
2025-11-14 07:11:13,632 - DCRNN-Occupancy - INFO - Epoch 61: Train Loss: 0.2076, Val Loss: 0.2555, LR: 0.000159, Time: 36.4s
2025-11-14 07:11:13,632 - DCRNN-Occupancy - INFO - 혼잡도 예측 범위 (정규화): [-0.99, 2.50]
2025-11-14 07:11:13,632 - DCRNN-Occupancy - INFO - 혼잡도 예측 범위 (실제): [-0.1, 1457.2]명
2025-11-14 07:11:13,751 - DCRNN-Occupancy - INFO - Epoch 62, Batch 0/249, Loss: 0.2126, TF Ratio: 0.100
2025-11-14 07:11:20,268 - DCRNN-Occupancy - INFO - Epoch 62, Batch 50/249, Loss: 0.2567, TF Ratio: 0.100
2025-11-14 07:11:26,504 - DCRNN-Occupancy - INFO - Epoch 62, Batch 100/249, Loss: 0.1274, TF Ratio: 0.100
2025-11-14 07:11:32,785 - DCRNN-Occupancy - INFO - Epoch 62, Batch 150/249, Loss: 0.1697, TF Ratio: 0.100
2025-11-14 07:11:38,954 - DCRNN-Occupancy - INFO - Epoch 62, Batch 200/249, Loss: 0.1621, TF Ratio: 0.100
2025-11-14 07:11:49,968 - DCRNN-Occupancy - INFO - Epoch 62: Train Loss: 0.2194, Val Loss: 0.2539, LR: 0.000151, Time: 36.3s
2025-11-14 07:11:49,968 - DCRNN-Occupancy - INFO - 혼잡도 예측 범위 (정규화): [-0.99, 2.52]
2025-11-14 07:11:49,968 - DCRNN-Occupancy - INFO - 혼잡도 예측 범위 (실제): [-0.1, 1516.4]명
2025-11-14 07:11:50,090 - DCRNN-Occupancy - INFO - Epoch 63, Batch 0/249, Loss: 0.2278, TF Ratio: 0.100
2025-11-14 07:11:56,300 - DCRNN-Occupancy - INFO - Epoch 63, Batch 50/249, Loss: 0.1960, TF Ratio: 0.100
2025-11-14 07:12:02,487 - DCRNN-Occupancy - INFO - Epoch 63, Batch 100/249, Loss: 0.2974, TF Ratio: 0.100
2025-11-14 07:12:08,681 - DCRNN-Occupancy - INFO - Epoch 63, Batch 150/249, Loss: 0.2126, TF Ratio: 0.100
2025-11-14 07:12:14,941 - DCRNN-Occupancy - INFO - Epoch 63, Batch 200/249, Loss: 0.2056, TF Ratio: 0.100
2025-11-14 07:12:25,356 - DCRNN-Occupancy - INFO - Epoch 63: Train Loss: 0.2140, Val Loss: 0.2543, LR: 0.000144, Time: 35.4s
2025-11-14 07:12:25,356 - DCRNN-Occupancy - INFO - 혼잡도 예측 범위 (정규화): [-1.01, 2.48]
2025-11-14 07:12:25,356 - DCRNN-Occupancy - INFO - 혼잡도 예측 범위 (실제): [-0.1, 1400.1]명
2025-11-14 07:12:25,475 - DCRNN-Occupancy - INFO - Epoch 64, Batch 0/249, Loss: 0.2523, TF Ratio: 0.100
2025-11-14 07:12:31,659 - DCRNN-Occupancy - INFO - Epoch 64, Batch 50/249, Loss: 0.1754, TF Ratio: 0.100
2025-11-14 07:12:37,809 - DCRNN-Occupancy - INFO - Epoch 64, Batch 100/249, Loss: 0.2470, TF Ratio: 0.100
2025-11-14 07:12:43,966 - DCRNN-Occupancy - INFO - Epoch 64, Batch 150/249, Loss: 0.1549, TF Ratio: 0.100
2025-11-14 07:12:50,659 - DCRNN-Occupancy - INFO - Epoch 64, Batch 200/249, Loss: 0.2910, TF Ratio: 0.100
2025-11-14 07:13:00,845 - DCRNN-Occupancy - INFO - Epoch 64: Train Loss: 0.2093, Val Loss: 0.2537, LR: 0.000137, Time: 35.5s
2025-11-14 07:13:00,846 - DCRNN-Occupancy - INFO - 혼잡도 예측 범위 (정규화): [-0.99, 2.53]
2025-11-14 07:13:00,846 - DCRNN-Occupancy - INFO - 혼잡도 예측 범위 (실제): [-0.1, 1555.5]명
2025-11-14 07:13:00,960 - DCRNN-Occupancy - INFO - Epoch 65, Batch 0/249, Loss: 0.2671, TF Ratio: 0.100
2025-11-14 07:13:06,756 - DCRNN-Occupancy - INFO - Epoch 65, Batch 50/249, Loss: 0.2352, TF Ratio: 0.100
2025-11-14 07:13:12,675 - DCRNN-Occupancy - INFO - Epoch 65, Batch 100/249, Loss: 0.2173, TF Ratio: 0.100
2025-11-14 07:13:18,585 - DCRNN-Occupancy - INFO - Epoch 65, Batch 150/249, Loss: 0.1128, TF Ratio: 0.100
2025-11-14 07:13:24,366 - DCRNN-Occupancy - INFO - Epoch 65, Batch 200/249, Loss: 0.1619, TF Ratio: 0.100
2025-11-14 07:13:34,154 - DCRNN-Occupancy - INFO - Epoch 65: Train Loss: 0.2117, Val Loss: 0.2530, LR: 0.000130, Time: 33.3s
2025-11-14 07:13:34,155 - DCRNN-Occupancy - INFO - 혼잡도 예측 범위 (정규화): [-0.99, 2.52]
2025-11-14 07:13:34,155 - DCRNN-Occupancy - INFO - 혼잡도 예측 범위 (실제): [-0.0, 1520.5]명
2025-11-14 07:13:34,271 - DCRNN-Occupancy - INFO - Epoch 66, Batch 0/249, Loss: 0.1992, TF Ratio: 0.100
2025-11-14 07:13:40,134 - DCRNN-Occupancy - INFO - Epoch 66, Batch 50/249, Loss: 0.1602, TF Ratio: 0.100
2025-11-14 07:13:46,128 - DCRNN-Occupancy - INFO - Epoch 66, Batch 100/249, Loss: 0.2299, TF Ratio: 0.100
2025-11-14 07:13:51,968 - DCRNN-Occupancy - INFO - Epoch 66, Batch 150/249, Loss: 0.1733, TF Ratio: 0.100
2025-11-14 07:13:57,765 - DCRNN-Occupancy - INFO - Epoch 66, Batch 200/249, Loss: 0.1626, TF Ratio: 0.100
2025-11-14 07:14:07,664 - DCRNN-Occupancy - INFO - Epoch 66: Train Loss: 0.2087, Val Loss: 0.2569, LR: 0.000123, Time: 33.5s
2025-11-14 07:14:07,664 - DCRNN-Occupancy - INFO - 혼잡도 예측 범위 (정규화): [-1.01, 2.55]
2025-11-14 07:14:07,664 - DCRNN-Occupancy - INFO - 혼잡도 예측 범위 (실제): [-0.1, 1609.7]명
2025-11-14 07:14:07,780 - DCRNN-Occupancy - INFO - Epoch 67, Batch 0/249, Loss: 0.1946, TF Ratio: 0.100
2025-11-14 07:14:13,538 - DCRNN-Occupancy - INFO - Epoch 67, Batch 50/249, Loss: 0.1877, TF Ratio: 0.100
2025-11-14 07:14:19,289 - DCRNN-Occupancy - INFO - Epoch 67, Batch 100/249, Loss: 0.2616, TF Ratio: 0.100
2025-11-14 07:14:25,028 - DCRNN-Occupancy - INFO - Epoch 67, Batch 150/249, Loss: 0.1611, TF Ratio: 0.100
2025-11-14 07:14:30,773 - DCRNN-Occupancy - INFO - Epoch 67, Batch 200/249, Loss: 0.2013, TF Ratio: 0.100
2025-11-14 07:14:40,528 - DCRNN-Occupancy - INFO - Epoch 67: Train Loss: 0.2074, Val Loss: 0.2524, LR: 0.000117, Time: 32.9s
2025-11-14 07:14:40,529 - DCRNN-Occupancy - INFO - 혼잡도 예측 범위 (정규화): [-0.99, 2.51]
2025-11-14 07:14:40,529 - DCRNN-Occupancy - INFO - 혼잡도 예측 범위 (실제): [-0.0, 1503.6]명
2025-11-14 07:14:40,645 - DCRNN-Occupancy - INFO - Epoch 68, Batch 0/249, Loss: 0.1132, TF Ratio: 0.100
2025-11-14 07:14:46,517 - DCRNN-Occupancy - INFO - Epoch 68, Batch 50/249, Loss: 0.2866, TF Ratio: 0.100
2025-11-14 07:14:52,246 - DCRNN-Occupancy - INFO - Epoch 68, Batch 100/249, Loss: 0.2451, TF Ratio: 0.100
2025-11-14 07:14:58,029 - DCRNN-Occupancy - INFO - Epoch 68, Batch 150/249, Loss: 0.2157, TF Ratio: 0.100
2025-11-14 07:15:03,821 - DCRNN-Occupancy - INFO - Epoch 68, Batch 200/249, Loss: 0.1775, TF Ratio: 0.100
2025-11-14 07:15:13,694 - DCRNN-Occupancy - INFO - Epoch 68: Train Loss: 0.2069, Val Loss: 0.2507, LR: 0.000110, Time: 33.2s
2025-11-14 07:15:13,694 - DCRNN-Occupancy - INFO - 혼잡도 예측 범위 (정규화): [-0.99, 2.51]
2025-11-14 07:15:13,694 - DCRNN-Occupancy - INFO - 혼잡도 예측 범위 (실제): [-0.0, 1494.7]명
2025-11-14 07:15:13,713 - DCRNN-Occupancy - INFO - Best occupancy model saved: checkpoints/occupancy_model/best_occupancy_model.pth
2025-11-14 07:15:13,825 - DCRNN-Occupancy - INFO - Epoch 69, Batch 0/249, Loss: 0.1782, TF Ratio: 0.100
2025-11-14 07:15:19,589 - DCRNN-Occupancy - INFO - Epoch 69, Batch 50/249, Loss: 0.2525, TF Ratio: 0.100
2025-11-14 07:15:25,366 - DCRNN-Occupancy - INFO - Epoch 69, Batch 100/249, Loss: 0.2713, TF Ratio: 0.100
2025-11-14 07:15:31,144 - DCRNN-Occupancy - INFO - Epoch 69, Batch 150/249, Loss: 0.2626, TF Ratio: 0.100
2025-11-14 07:15:36,945 - DCRNN-Occupancy - INFO - Epoch 69, Batch 200/249, Loss: 0.1661, TF Ratio: 0.100
2025-11-14 07:15:46,966 - DCRNN-Occupancy - INFO - Epoch 69: Train Loss: 0.2020, Val Loss: 0.2524, LR: 0.000104, Time: 33.3s
2025-11-14 07:15:46,966 - DCRNN-Occupancy - INFO - 혼잡도 예측 범위 (정규화): [-0.99, 2.49]
2025-11-14 07:15:46,966 - DCRNN-Occupancy - INFO - 혼잡도 예측 범위 (실제): [-0.1, 1420.1]명
2025-11-14 07:15:47,083 - DCRNN-Occupancy - INFO - Epoch 70, Batch 0/249, Loss: 0.0146, TF Ratio: 0.100
2025-11-14 07:15:52,859 - DCRNN-Occupancy - INFO - Epoch 70, Batch 50/249, Loss: 0.0156, TF Ratio: 0.100
2025-11-14 07:15:58,892 - DCRNN-Occupancy - INFO - Epoch 70, Batch 100/249, Loss: 0.0194, TF Ratio: 0.100
2025-11-14 07:16:04,696 - DCRNN-Occupancy - INFO - Epoch 70, Batch 150/249, Loss: 0.2294, TF Ratio: 0.100
2025-11-14 07:16:10,512 - DCRNN-Occupancy - INFO - Epoch 70, Batch 200/249, Loss: 0.2897, TF Ratio: 0.100
2025-11-14 07:16:20,375 - DCRNN-Occupancy - INFO - Epoch 70: Train Loss: 0.2069, Val Loss: 0.2524, LR: 0.000098, Time: 33.4s
2025-11-14 07:16:20,375 - DCRNN-Occupancy - INFO - 혼잡도 예측 범위 (정규화): [-1.00, 2.49]
2025-11-14 07:16:20,375 - DCRNN-Occupancy - INFO - 혼잡도 예측 범위 (실제): [-0.1, 1424.8]명
2025-11-14 07:16:20,504 - DCRNN-Occupancy - INFO - Epoch 71, Batch 0/249, Loss: 0.2981, TF Ratio: 0.100
2025-11-14 07:16:26,343 - DCRNN-Occupancy - INFO - Epoch 71, Batch 50/249, Loss: 0.0208, TF Ratio: 0.100
2025-11-14 07:16:32,177 - DCRNN-Occupancy - INFO - Epoch 71, Batch 100/249, Loss: 0.2110, TF Ratio: 0.100
2025-11-14 07:16:38,015 - DCRNN-Occupancy - INFO - Epoch 71, Batch 150/249, Loss: 0.2413, TF Ratio: 0.100
2025-11-14 07:16:43,818 - DCRNN-Occupancy - INFO - Epoch 71, Batch 200/249, Loss: 0.2035, TF Ratio: 0.100
2025-11-14 07:16:53,786 - DCRNN-Occupancy - INFO - Epoch 71: Train Loss: 0.2017, Val Loss: 0.2511, LR: 0.000091, Time: 33.4s
2025-11-14 07:16:53,787 - DCRNN-Occupancy - INFO - 혼잡도 예측 범위 (정규화): [-0.99, 2.55]
2025-11-14 07:16:53,787 - DCRNN-Occupancy - INFO - 혼잡도 예측 범위 (실제): [-0.1, 1610.4]명
2025-11-14 07:16:53,900 - DCRNN-Occupancy - INFO - Epoch 72, Batch 0/249, Loss: 0.2465, TF Ratio: 0.100
2025-11-14 07:16:59,977 - DCRNN-Occupancy - INFO - Epoch 72, Batch 50/249, Loss: 0.1803, TF Ratio: 0.100
2025-11-14 07:17:05,896 - DCRNN-Occupancy - INFO - Epoch 72, Batch 100/249, Loss: 0.2102, TF Ratio: 0.100
2025-11-14 07:17:11,764 - DCRNN-Occupancy - INFO - Epoch 72, Batch 150/249, Loss: 0.2952, TF Ratio: 0.100
2025-11-14 07:17:17,870 - DCRNN-Occupancy - INFO - Epoch 72, Batch 200/249, Loss: 0.2115, TF Ratio: 0.100
2025-11-14 07:17:28,419 - DCRNN-Occupancy - INFO - Epoch 72: Train Loss: 0.2139, Val Loss: 0.2494, LR: 0.000086, Time: 34.6s
2025-11-14 07:17:28,419 - DCRNN-Occupancy - INFO - 혼잡도 예측 범위 (정규화): [-0.99, 2.52]
2025-11-14 07:17:28,419 - DCRNN-Occupancy - INFO - 혼잡도 예측 범위 (실제): [-0.0, 1509.7]명
2025-11-14 07:17:28,437 - DCRNN-Occupancy - INFO - Best occupancy model saved: checkpoints/occupancy_model/best_occupancy_model.pth
2025-11-14 07:17:28,557 - DCRNN-Occupancy - INFO - Epoch 73, Batch 0/249, Loss: 0.2070, TF Ratio: 0.100
2025-11-14 07:17:34,767 - DCRNN-Occupancy - INFO - Epoch 73, Batch 50/249, Loss: 0.2790, TF Ratio: 0.100
2025-11-14 07:17:41,281 - DCRNN-Occupancy - INFO - Epoch 73, Batch 100/249, Loss: 0.3270, TF Ratio: 0.100
2025-11-14 07:17:47,651 - DCRNN-Occupancy - INFO - Epoch 73, Batch 150/249, Loss: 0.2449, TF Ratio: 0.100
2025-11-14 07:17:53,973 - DCRNN-Occupancy - INFO - Epoch 73, Batch 200/249, Loss: 0.2278, TF Ratio: 0.100
2025-11-14 07:18:04,501 - DCRNN-Occupancy - INFO - Epoch 73: Train Loss: 0.2061, Val Loss: 0.2492, LR: 0.000080, Time: 36.1s
2025-11-14 07:18:04,501 - DCRNN-Occupancy - INFO - 혼잡도 예측 범위 (정규화): [-1.00, 2.50]
2025-11-14 07:18:04,501 - DCRNN-Occupancy - INFO - 혼잡도 예측 범위 (실제): [-0.1, 1472.3]명
2025-11-14 07:18:04,518 - DCRNN-Occupancy - INFO - Best occupancy model saved: checkpoints/occupancy_model/best_occupancy_model.pth
2025-11-14 07:18:04,486 - DCRNN-Occupancy - INFO - Epoch 74, Batch 0/249, Loss: 0.2161, TF Ratio: 0.100
2025-11-14 07:18:10,811 - DCRNN-Occupancy - INFO - Epoch 74, Batch 50/249, Loss: 0.0246, TF Ratio: 0.100
2025-11-14 07:18:16,948 - DCRNN-Occupancy - INFO - Epoch 74, Batch 100/249, Loss: 0.2973, TF Ratio: 0.100
2025-11-14 07:18:23,147 - DCRNN-Occupancy - INFO - Epoch 74, Batch 150/249, Loss: 0.0215, TF Ratio: 0.100
2025-11-14 07:18:29,347 - DCRNN-Occupancy - INFO - Epoch 74, Batch 200/249, Loss: 0.3247, TF Ratio: 0.100
2025-11-14 07:18:40,338 - DCRNN-Occupancy - INFO - Epoch 74: Train Loss: 0.2088, Val Loss: 0.2501, LR: 0.000074, Time: 35.8s
2025-11-14 07:18:40,339 - DCRNN-Occupancy - INFO - 혼잡도 예측 범위 (정규화): [-0.99, 2.49]
2025-11-14 07:18:40,339 - DCRNN-Occupancy - INFO - 혼잡도 예측 범위 (실제): [-0.0, 1418.2]명
2025-11-14 07:18:40,468 - DCRNN-Occupancy - INFO - Epoch 75, Batch 0/249, Loss: 0.1958, TF Ratio: 0.100
2025-11-14 07:18:46,870 - DCRNN-Occupancy - INFO - Epoch 75, Batch 50/249, Loss: 0.1776, TF Ratio: 0.100
2025-11-14 07:18:53,211 - DCRNN-Occupancy - INFO - Epoch 75, Batch 100/249, Loss: 0.2411, TF Ratio: 0.100
2025-11-14 07:18:59,302 - DCRNN-Occupancy - INFO - Epoch 75, Batch 150/249, Loss: 0.0173, TF Ratio: 0.100
2025-11-14 07:19:05,312 - DCRNN-Occupancy - INFO - Epoch 75, Batch 200/249, Loss: 0.3486, TF Ratio: 0.100
2025-11-14 07:19:15,402 - DCRNN-Occupancy - INFO - Epoch 75: Train Loss: 0.1988, Val Loss: 0.2503, LR: 0.000069, Time: 35.1s
2025-11-14 07:19:15,402 - DCRNN-Occupancy - INFO - 혼잡도 예측 범위 (정규화): [-0.99, 2.49]
2025-11-14 07:19:15,402 - DCRNN-Occupancy - INFO - 혼잡도 예측 범위 (실제): [-0.1, 1427.5]명
2025-11-14 07:19:15,519 - DCRNN-Occupancy - INFO - Epoch 76, Batch 0/249, Loss: 0.2933, TF Ratio: 0.100
2025-11-14 07:19:21,431 - DCRNN-Occupancy - INFO - Epoch 76, Batch 50/249, Loss: 0.2900, TF Ratio: 0.100
2025-11-14 07:19:27,378 - DCRNN-Occupancy - INFO - Epoch 76, Batch 100/249, Loss: 0.0172, TF Ratio: 0.100
2025-11-14 07:19:33,326 - DCRNN-Occupancy - INFO - Epoch 76, Batch 150/249, Loss: 0.1667, TF Ratio: 0.100
2025-11-14 07:19:39,539 - DCRNN-Occupancy - INFO - Epoch 76, Batch 200/249, Loss: 0.2262, TF Ratio: 0.100
2025-11-14 07:19:50,146 - DCRNN-Occupancy - INFO - Epoch 76: Train Loss: 0.2056, Val Loss: 0.2513, LR: 0.000063, Time: 34.7s
2025-11-14 07:19:50,147 - DCRNN-Occupancy - INFO - 혼잡도 예측 범위 (정규화): [-0.98, 2.53]
2025-11-14 07:19:50,147 - DCRNN-Occupancy - INFO - 혼잡도 예측 범위 (실제): [-0.0, 1544.5]명
2025-11-14 07:19:50,264 - DCRNN-Occupancy - INFO - Epoch 77, Batch 0/249, Loss: 0.1852, TF Ratio: 0.100
2025-11-14 07:19:56,716 - DCRNN-Occupancy - INFO - Epoch 77, Batch 50/249, Loss: 0.2294, TF Ratio: 0.100
2025-11-14 07:20:03,130 - DCRNN-Occupancy - INFO - Epoch 77, Batch 100/249, Loss: 0.1906, TF Ratio: 0.100
2025-11-14 07:20:09,672 - DCRNN-Occupancy - INFO - Epoch 77, Batch 150/249, Loss: 0.1728, TF Ratio: 0.100
2025-11-14 07:20:16,034 - DCRNN-Occupancy - INFO - Epoch 77, Batch 200/249, Loss: 0.2472, TF Ratio: 0.100
2025-11-14 07:20:25,858 - DCRNN-Occupancy - INFO - Epoch 77: Train Loss: 0.2026, Val Loss: 0.2503, LR: 0.000058, Time: 35.7s
2025-11-14 07:20:25,858 - DCRNN-Occupancy - INFO - 혼잡도 예측 범위 (정규화): [-0.99, 2.52]
2025-11-14 07:20:25,858 - DCRNN-Occupancy - INFO - 혼잡도 예측 범위 (실제): [-0.0, 1529.9]명
2025-11-14 07:20:25,971 - DCRNN-Occupancy - INFO - Epoch 78, Batch 0/249, Loss: 0.3003, TF Ratio: 0.100
2025-11-14 07:20:31,737 - DCRNN-Occupancy - INFO - Epoch 78, Batch 50/249, Loss: 0.2453, TF Ratio: 0.100
2025-11-14 07:20:37,579 - DCRNN-Occupancy - INFO - Epoch 78, Batch 100/249, Loss: 0.1280, TF Ratio: 0.100
2025-11-14 07:20:43,522 - DCRNN-Occupancy - INFO - Epoch 78, Batch 150/249, Loss: 0.2358, TF Ratio: 0.100
2025-11-14 07:20:49,993 - DCRNN-Occupancy - INFO - Epoch 78, Batch 200/249, Loss: 0.3028, TF Ratio: 0.100
2025-11-14 07:21:00,193 - DCRNN-Occupancy - INFO - Epoch 78: Train Loss: 0.2023, Val Loss: 0.2496, LR: 0.000053, Time: 34.3s
2025-11-14 07:21:00,193 - DCRNN-Occupancy - INFO - 혼잡도 예측 범위 (정규화): [-0.99, 2.50]
2025-11-14 07:21:00,193 - DCRNN-Occupancy - INFO - 혼잡도 예측 범위 (실제): [-0.0, 1444.1]명
2025-11-14 07:21:00,305 - DCRNN-Occupancy - INFO - Epoch 79, Batch 0/249, Loss: 0.2168, TF Ratio: 0.100
2025-11-14 07:21:06,247 - DCRNN-Occupancy - INFO - Epoch 79, Batch 50/249, Loss: 0.1434, TF Ratio: 0.100
2025-11-14 07:21:12,035 - DCRNN-Occupancy - INFO - Epoch 79, Batch 100/249, Loss: 0.0164, TF Ratio: 0.100
2025-11-14 07:21:17,862 - DCRNN-Occupancy - INFO - Epoch 79, Batch 150/249, Loss: 0.1486, TF Ratio: 0.100
2025-11-14 07:21:23,795 - DCRNN-Occupancy - INFO - Epoch 79, Batch 200/249, Loss: 0.2382, TF Ratio: 0.100
2025-11-14 07:21:33,784 - DCRNN-Occupancy - INFO - Epoch 79: Train Loss: 0.2017, Val Loss: 0.2494, LR: 0.000049, Time: 33.6s
2025-11-14 07:21:33,784 - DCRNN-Occupancy - INFO - 혼잡도 예측 범위 (정규화): [-0.99, 2.49]
2025-11-14 07:21:33,784 - DCRNN-Occupancy - INFO - 혼잡도 예측 범위 (실제): [-0.0, 1435.0]명
2025-11-14 07:21:33,898 - DCRNN-Occupancy - INFO - Epoch 80, Batch 0/249, Loss: 0.1673, TF Ratio: 0.100
2025-11-14 07:21:39,752 - DCRNN-Occupancy - INFO - Epoch 80, Batch 50/249, Loss: 0.2015, TF Ratio: 0.100
2025-11-14 07:21:45,730 - DCRNN-Occupancy - INFO - Epoch 80, Batch 100/249, Loss: 0.1844, TF Ratio: 0.100
2025-11-14 07:21:51,644 - DCRNN-Occupancy - INFO - Epoch 80, Batch 150/249, Loss: 0.1872, TF Ratio: 0.100
2025-11-14 07:21:57,437 - DCRNN-Occupancy - INFO - Epoch 80, Batch 200/249, Loss: 0.0171, TF Ratio: 0.100
2025-11-14 07:22:07,264 - DCRNN-Occupancy - INFO - Epoch 80: Train Loss: 0.1981, Val Loss: 0.2513, LR: 0.000044, Time: 33.5s
2025-11-14 07:22:07,264 - DCRNN-Occupancy - INFO - 혼잡도 예측 범위 (정규화): [-0.98, 2.50]
2025-11-14 07:22:07,264 - DCRNN-Occupancy - INFO - 혼잡도 예측 범위 (실제): [-0.0, 1450.3]명
2025-11-14 07:22:07,389 - DCRNN-Occupancy - INFO - Epoch 81, Batch 0/249, Loss: 0.2072, TF Ratio: 0.100
2025-11-14 07:22:13,152 - DCRNN-Occupancy - INFO - Epoch 81, Batch 50/249, Loss: 0.2559, TF Ratio: 0.100
2025-11-14 07:22:18,908 - DCRNN-Occupancy - INFO - Epoch 81, Batch 100/249, Loss: 0.2797, TF Ratio: 0.100
2025-11-14 07:22:24,677 - DCRNN-Occupancy - INFO - Epoch 81, Batch 150/249, Loss: 0.1883, TF Ratio: 0.100
2025-11-14 07:22:30,425 - DCRNN-Occupancy - INFO - Epoch 81, Batch 200/249, Loss: 0.2325, TF Ratio: 0.100
2025-11-14 07:22:40,747 - DCRNN-Occupancy - INFO - Epoch 81: Train Loss: 0.2045, Val Loss: 0.2495, LR: 0.000040, Time: 33.5s
2025-11-14 07:22:40,748 - DCRNN-Occupancy - INFO - 혼잡도 예측 범위 (정규화): [-0.99, 2.50]
2025-11-14 07:22:40,748 - DCRNN-Occupancy - INFO - 혼잡도 예측 범위 (실제): [-0.0, 1452.9]명
2025-11-14 07:22:40,867 - DCRNN-Occupancy - INFO - Epoch 82, Batch 0/249, Loss: 0.2582, TF Ratio: 0.100
2025-11-14 07:22:47,111 - DCRNN-Occupancy - INFO - Epoch 82, Batch 50/249, Loss: 0.2470, TF Ratio: 0.100
2025-11-14 07:22:53,167 - DCRNN-Occupancy - INFO - Epoch 82, Batch 100/249, Loss: 0.1546, TF Ratio: 0.100
2025-11-14 07:22:59,156 - DCRNN-Occupancy - INFO - Epoch 82, Batch 150/249, Loss: 0.2533, TF Ratio: 0.100
2025-11-14 07:23:05,198 - DCRNN-Occupancy - INFO - Epoch 82, Batch 200/249, Loss: 0.2848, TF Ratio: 0.100
2025-11-14 07:23:15,234 - DCRNN-Occupancy - INFO - Epoch 82: Train Loss: 0.1994, Val Loss: 0.2505, LR: 0.000036, Time: 34.5s
2025-11-14 07:23:15,235 - DCRNN-Occupancy - INFO - 혼잡도 예측 범위 (정규화): [-0.99, 2.50]
2025-11-14 07:23:15,235 - DCRNN-Occupancy - INFO - 혼잡도 예측 범위 (실제): [-0.0, 1460.0]명
2025-11-14 07:23:15,353 - DCRNN-Occupancy - INFO - Epoch 83, Batch 0/249, Loss: 0.3031, TF Ratio: 0.100
2025-11-14 07:23:21,214 - DCRNN-Occupancy - INFO - Epoch 83, Batch 50/249, Loss: 0.2617, TF Ratio: 0.100
2025-11-14 07:23:26,977 - DCRNN-Occupancy - INFO - Epoch 83, Batch 100/249, Loss: 0.1612, TF Ratio: 0.100
2025-11-14 07:23:32,751 - DCRNN-Occupancy - INFO - Epoch 83, Batch 150/249, Loss: 0.0168, TF Ratio: 0.100
2025-11-14 07:23:38,518 - DCRNN-Occupancy - INFO - Epoch 83, Batch 200/249, Loss: 0.1973, TF Ratio: 0.100
2025-11-14 07:23:48,413 - DCRNN-Occupancy - INFO - Epoch 83: Train Loss: 0.1999, Val Loss: 0.2491, LR: 0.000032, Time: 33.2s
2025-11-14 07:23:48,413 - DCRNN-Occupancy - INFO - 혼잡도 예측 범위 (정규화): [-0.98, 2.56]
2025-11-14 07:23:48,413 - DCRNN-Occupancy - INFO - 혼잡도 예측 범위 (실제): [-0.0, 1659.1]명
2025-11-14 07:23:48,432 - DCRNN-Occupancy - INFO - Best occupancy model saved: checkpoints/occupancy_model/best_occupancy_model.pth
2025-11-14 07:23:48,544 - DCRNN-Occupancy - INFO - Epoch 84, Batch 0/249, Loss: 0.2419, TF Ratio: 0.100
2025-11-14 07:23:54,313 - DCRNN-Occupancy - INFO - Epoch 84, Batch 50/249, Loss: 0.2238, TF Ratio: 0.100
2025-11-14 07:24:00,201 - DCRNN-Occupancy - INFO - Epoch 84, Batch 100/249, Loss: 0.0138, TF Ratio: 0.100
2025-11-14 07:24:05,982 - DCRNN-Occupancy - INFO - Epoch 84, Batch 150/249, Loss: 0.2558, TF Ratio: 0.100
2025-11-14 07:24:11,771 - DCRNN-Occupancy - INFO - Epoch 84, Batch 200/249, Loss: 0.0232, TF Ratio: 0.100
2025-11-14 07:24:21,786 - DCRNN-Occupancy - INFO - Epoch 84: Train Loss: 0.1921, Val Loss: 0.2501, LR: 0.000028, Time: 33.4s
2025-11-14 07:24:21,786 - DCRNN-Occupancy - INFO - 혼잡도 예측 범위 (정규화): [-0.99, 2.53]
2025-11-14 07:24:21,786 - DCRNN-Occupancy - INFO - 혼잡도 예측 범위 (실제): [-0.0, 1552.0]명
2025-11-14 07:24:21,900 - DCRNN-Occupancy - INFO - Epoch 85, Batch 0/249, Loss: 0.0196, TF Ratio: 0.100
2025-11-14 07:24:27,735 - DCRNN-Occupancy - INFO - Epoch 85, Batch 50/249, Loss: 0.2536, TF Ratio: 0.100
2025-11-14 07:24:33,695 - DCRNN-Occupancy - INFO - Epoch 85, Batch 100/249, Loss: 0.2471, TF Ratio: 0.100
2025-11-14 07:24:39,958 - DCRNN-Occupancy - INFO - Epoch 85, Batch 150/249, Loss: 0.1967, TF Ratio: 0.100
2025-11-14 07:24:46,218 - DCRNN-Occupancy - INFO - Epoch 85, Batch 200/249, Loss: 0.2436, TF Ratio: 0.100
2025-11-14 07:24:56,683 - DCRNN-Occupancy - INFO - Epoch 85: Train Loss: 0.1987, Val Loss: 0.2492, LR: 0.000025, Time: 34.9s
2025-11-14 07:24:56,683 - DCRNN-Occupancy - INFO - 혼잡도 예측 범위 (정규화): [-0.99, 2.52]
2025-11-14 07:24:56,683 - DCRNN-Occupancy - INFO - 혼잡도 예측 범위 (실제): [-0.1, 1518.0]명
2025-11-14 07:24:56,802 - DCRNN-Occupancy - INFO - Epoch 86, Batch 0/249, Loss: 0.1552, TF Ratio: 0.100
2025-11-14 07:25:03,194 - DCRNN-Occupancy - INFO - Epoch 86, Batch 50/249, Loss: 0.1117, TF Ratio: 0.100
2025-11-14 07:25:09,466 - DCRNN-Occupancy - INFO - Epoch 86, Batch 100/249, Loss: 0.1992, TF Ratio: 0.100
2025-11-14 07:25:15,810 - DCRNN-Occupancy - INFO - Epoch 86, Batch 150/249, Loss: 0.2334, TF Ratio: 0.100
2025-11-14 07:25:22,103 - DCRNN-Occupancy - INFO - Epoch 86, Batch 200/249, Loss: 0.0185, TF Ratio: 0.100
2025-11-14 07:25:32,739 - DCRNN-Occupancy - INFO - Epoch 86: Train Loss: 0.1953, Val Loss: 0.2489, LR: 0.000022, Time: 36.1s
2025-11-14 07:25:32,739 - DCRNN-Occupancy - INFO - 혼잡도 예측 범위 (정규화): [-0.99, 2.51]
2025-11-14 07:25:32,739 - DCRNN-Occupancy - INFO - 혼잡도 예측 범위 (실제): [-0.1, 1481.5]명
2025-11-14 07:25:32,758 - DCRNN-Occupancy - INFO - Best occupancy model saved: checkpoints/occupancy_model/best_occupancy_model.pth
2025-11-14 07:25:32,885 - DCRNN-Occupancy - INFO - Epoch 87, Batch 0/249, Loss: 0.0141, TF Ratio: 0.100
2025-11-14 07:25:39,130 - DCRNN-Occupancy - INFO - Epoch 87, Batch 50/249, Loss: 0.1304, TF Ratio: 0.100
2025-11-14 07:25:45,542 - DCRNN-Occupancy - INFO - Epoch 87, Batch 100/249, Loss: 0.0146, TF Ratio: 0.100
2025-11-14 07:25:51,779 - DCRNN-Occupancy - INFO - Epoch 87, Batch 150/249, Loss: 0.1653, TF Ratio: 0.100
2025-11-14 07:25:58,021 - DCRNN-Occupancy - INFO - Epoch 87, Batch 200/249, Loss: 0.3320, TF Ratio: 0.100
2025-11-14 07:26:08,663 - DCRNN-Occupancy - INFO - Epoch 87: Train Loss: 0.1941, Val Loss: 0.2494, LR: 0.000019, Time: 35.9s
2025-11-14 07:26:08,663 - DCRNN-Occupancy - INFO - 혼잡도 예측 범위 (정규화): [-0.99, 2.49]
2025-11-14 07:26:08,663 - DCRNN-Occupancy - INFO - 혼잡도 예측 범위 (실제): [-0.1, 1428.2]명
2025-11-14 07:26:08,785 - DCRNN-Occupancy - INFO - Epoch 88, Batch 0/249, Loss: 0.1709, TF Ratio: 0.100
2025-11-14 07:26:15,188 - DCRNN-Occupancy - INFO - Epoch 88, Batch 50/249, Loss: 0.2441, TF Ratio: 0.100
2025-11-14 07:26:21,654 - DCRNN-Occupancy - INFO - Epoch 88, Batch 100/249, Loss: 0.2572, TF Ratio: 0.100
2025-11-14 07:26:27,875 - DCRNN-Occupancy - INFO - Epoch 88, Batch 150/249, Loss: 0.2662, TF Ratio: 0.100
2025-11-14 07:26:34,057 - DCRNN-Occupancy - INFO - Epoch 88, Batch 200/249, Loss: 0.2295, TF Ratio: 0.100
2025-11-14 07:26:44,853 - DCRNN-Occupancy - INFO - Epoch 88: Train Loss: 0.2005, Val Loss: 0.2489, LR: 0.000016, Time: 36.2s
2025-11-14 07:26:44,853 - DCRNN-Occupancy - INFO - 혼잡도 예측 범위 (정규화): [-0.99, 2.54]
2025-11-14 07:26:44,853 - DCRNN-Occupancy - INFO - 혼잡도 예측 범위 (실제): [-0.1, 1586.5]명
2025-11-14 07:26:44,876 - DCRNN-Occupancy - INFO - Best occupancy model saved: checkpoints/occupancy_model/best_occupancy_model.pth
2025-11-14 07:26:44,995 - DCRNN-Occupancy - INFO - Epoch 89, Batch 0/249, Loss: 0.3065, TF Ratio: 0.100
2025-11-14 07:26:51,421 - DCRNN-Occupancy - INFO - Epoch 89, Batch 50/249, Loss: 0.2933, TF Ratio: 0.100
2025-11-14 07:26:57,593 - DCRNN-Occupancy - INFO - Epoch 89, Batch 100/249, Loss: 0.1703, TF Ratio: 0.100
2025-11-14 07:27:03,627 - DCRNN-Occupancy - INFO - Epoch 89, Batch 150/249, Loss: 0.1784, TF Ratio: 0.100
2025-11-14 07:27:09,743 - DCRNN-Occupancy - INFO - Epoch 89, Batch 200/249, Loss: 0.2642, TF Ratio: 0.100
2025-11-14 07:27:20,314 - DCRNN-Occupancy - INFO - Epoch 89: Train Loss: 0.1958, Val Loss: 0.2484, LR: 0.000013, Time: 35.4s
2025-11-14 07:27:20,314 - DCRNN-Occupancy - INFO - 혼잡도 예측 범위 (정규화): [-0.99, 2.51]
2025-11-14 07:27:20,314 - DCRNN-Occupancy - INFO - 혼잡도 예측 범위 (실제): [-0.0, 1487.2]명
2025-11-14 07:27:20,333 - DCRNN-Occupancy - INFO - Best occupancy model saved: checkpoints/occupancy_model/best_occupancy_model.pth
2025-11-14 07:27:20,456 - DCRNN-Occupancy - INFO - Epoch 90, Batch 0/249, Loss: 0.1488, TF Ratio: 0.100
2025-11-14 07:27:26,529 - DCRNN-Occupancy - INFO - Epoch 90, Batch 50/249, Loss: 0.1656, TF Ratio: 0.100
2025-11-14 07:27:32,625 - DCRNN-Occupancy - INFO - Epoch 90, Batch 100/249, Loss: 0.2423, TF Ratio: 0.100
2025-11-14 07:27:38,606 - DCRNN-Occupancy - INFO - Epoch 90, Batch 150/249, Loss: 0.0155, TF Ratio: 0.100
2025-11-14 07:27:44,763 - DCRNN-Occupancy - INFO - Epoch 90, Batch 200/249, Loss: 0.2644, TF Ratio: 0.100
2025-11-14 07:27:54,944 - DCRNN-Occupancy - INFO - Epoch 90: Train Loss: 0.1996, Val Loss: 0.2493, LR: 0.000011, Time: 34.6s
2025-11-14 07:27:54,944 - DCRNN-Occupancy - INFO - 혼잡도 예측 범위 (정규화): [-0.99, 2.56]
2025-11-14 07:27:54,944 - DCRNN-Occupancy - INFO - 혼잡도 예측 범위 (실제): [-0.0, 1655.9]명
2025-11-14 07:27:55,073 - DCRNN-Occupancy - INFO - Epoch 91, Batch 0/249, Loss: 0.2229, TF Ratio: 0.100
2025-11-14 07:28:00,956 - DCRNN-Occupancy - INFO - Epoch 91, Batch 50/249, Loss: 0.2402, TF Ratio: 0.100
2025-11-14 07:28:06,791 - DCRNN-Occupancy - INFO - Epoch 91, Batch 100/249, Loss: 0.1794, TF Ratio: 0.100
2025-11-14 07:28:12,605 - DCRNN-Occupancy - INFO - Epoch 91, Batch 150/249, Loss: 0.2086, TF Ratio: 0.100
2025-11-14 07:28:18,420 - DCRNN-Occupancy - INFO - Epoch 91, Batch 200/249, Loss: 0.1888, TF Ratio: 0.100
2025-11-14 07:28:28,303 - DCRNN-Occupancy - INFO - Epoch 91: Train Loss: 0.2023, Val Loss: 0.2484, LR: 0.000009, Time: 33.3s
2025-11-14 07:28:28,303 - DCRNN-Occupancy - INFO - 혼잡도 예측 범위 (정규화): [-0.99, 2.49]
2025-11-14 07:28:28,303 - DCRNN-Occupancy - INFO - 혼잡도 예측 범위 (실제): [-0.0, 1418.2]명
2025-11-14 07:28:28,320 - DCRNN-Occupancy - INFO - Best occupancy model saved: checkpoints/occupancy_model/best_occupancy_model.pth
2025-11-14 07:28:28,438 - DCRNN-Occupancy - INFO - Epoch 92, Batch 0/249, Loss: 0.2072, TF Ratio: 0.100
2025-11-14 07:28:34,249 - DCRNN-Occupancy - INFO - Epoch 92, Batch 50/249, Loss: 0.2418, TF Ratio: 0.100
2025-11-14 07:28:40,092 - DCRNN-Occupancy - INFO - Epoch 92, Batch 100/249, Loss: 0.0200, TF Ratio: 0.100
2025-11-14 07:28:46,081 - DCRNN-Occupancy - INFO - Epoch 92, Batch 150/249, Loss: 0.2767, TF Ratio: 0.100
2025-11-14 07:28:51,866 - DCRNN-Occupancy - INFO - Epoch 92, Batch 200/249, Loss: 0.2128, TF Ratio: 0.100
2025-11-14 07:29:01,874 - DCRNN-Occupancy - INFO - Epoch 92: Train Loss: 0.1964, Val Loss: 0.2483, LR: 0.000007, Time: 33.6s
2025-11-14 07:29:01,874 - DCRNN-Occupancy - INFO - 혼잡도 예측 범위 (정규화): [-0.98, 2.50]
2025-11-14 07:29:01,874 - DCRNN-Occupancy - INFO - 혼잡도 예측 범위 (실제): [-0.0, 1472.0]명
2025-11-14 07:29:01,892 - DCRNN-Occupancy - INFO - Best occupancy model saved: checkpoints/occupancy_model/best_occupancy_model.pth
2025-11-14 07:29:02,007 - DCRNN-Occupancy - INFO - Epoch 93, Batch 0/249, Loss: 0.3735, TF Ratio: 0.100
2025-11-14 07:29:07,845 - DCRNN-Occupancy - INFO - Epoch 93, Batch 50/249, Loss: 0.2185, TF Ratio: 0.100
2025-11-14 07:29:13,710 - DCRNN-Occupancy - INFO - Epoch 93, Batch 100/249, Loss: 0.2990, TF Ratio: 0.100
2025-11-14 07:29:19,553 - DCRNN-Occupancy - INFO - Epoch 93, Batch 150/249, Loss: 0.3353, TF Ratio: 0.100
2025-11-14 07:29:25,342 - DCRNN-Occupancy - INFO - Epoch 93, Batch 200/249, Loss: 0.2378, TF Ratio: 0.100
2025-11-14 07:29:35,233 - DCRNN-Occupancy - INFO - Epoch 93: Train Loss: 0.1939, Val Loss: 0.2484, LR: 0.000005, Time: 33.3s
2025-11-14 07:29:35,233 - DCRNN-Occupancy - INFO - 혼잡도 예측 범위 (정규화): [-0.98, 2.50]
2025-11-14 07:29:35,233 - DCRNN-Occupancy - INFO - 혼잡도 예측 범위 (실제): [-0.0, 1473.5]명
2025-11-14 07:29:35,350 - DCRNN-Occupancy - INFO - Epoch 94, Batch 0/249, Loss: 0.2840, TF Ratio: 0.100
2025-11-14 07:29:41,326 - DCRNN-Occupancy - INFO - Epoch 94, Batch 50/249, Loss: 0.2006, TF Ratio: 0.100
2025-11-14 07:29:47,271 - DCRNN-Occupancy - INFO - Epoch 94, Batch 100/249, Loss: 0.1956, TF Ratio: 0.100
2025-11-14 07:29:53,068 - DCRNN-Occupancy - INFO - Epoch 94, Batch 150/249, Loss: 0.0181, TF Ratio: 0.100
2025-11-14 07:29:59,018 - DCRNN-Occupancy - INFO - Epoch 94, Batch 200/249, Loss: 0.2932, TF Ratio: 0.100
2025-11-14 07:30:08,955 - DCRNN-Occupancy - INFO - Epoch 94: Train Loss: 0.1970, Val Loss: 0.2482, LR: 0.000004, Time: 33.7s
2025-11-14 07:30:08,955 - DCRNN-Occupancy - INFO - 혼잡도 예측 범위 (정규화): [-0.99, 2.50]
2025-11-14 07:30:08,955 - DCRNN-Occupancy - INFO - 혼잡도 예측 범위 (실제): [-0.1, 1466.6]명
2025-11-14 07:30:08,978 - DCRNN-Occupancy - INFO - Best occupancy model saved: checkpoints/occupancy_model/best_occupancy_model.pth
2025-11-14 07:30:09,096 - DCRNN-Occupancy - INFO - Epoch 95, Batch 0/249, Loss: 0.2057, TF Ratio: 0.100
2025-11-14 07:30:14,925 - DCRNN-Occupancy - INFO - Epoch 95, Batch 50/249, Loss: 0.1963, TF Ratio: 0.100
2025-11-14 07:30:20,755 - DCRNN-Occupancy - INFO - Epoch 95, Batch 100/249, Loss: 0.2381, TF Ratio: 0.100
2025-11-14 07:30:26,593 - DCRNN-Occupancy - INFO - Epoch 95, Batch 150/249, Loss: 0.2072, TF Ratio: 0.100
2025-11-14 07:30:32,469 - DCRNN-Occupancy - INFO - Epoch 95, Batch 200/249, Loss: 0.1852, TF Ratio: 0.100
2025-11-14 07:30:42,293 - DCRNN-Occupancy - INFO - Epoch 95: Train Loss: 0.1974, Val Loss: 0.2485, LR: 0.000003, Time: 33.3s
2025-11-14 07:30:42,293 - DCRNN-Occupancy - INFO - 혼잡도 예측 범위 (정규화): [-0.99, 2.48]
2025-11-14 07:30:42,293 - DCRNN-Occupancy - INFO - 혼잡도 예측 범위 (실제): [-0.0, 1397.2]명
2025-11-14 07:30:42,407 - DCRNN-Occupancy - INFO - Epoch 96, Batch 0/249, Loss: 0.0111, TF Ratio: 0.100
2025-11-14 07:30:48,374 - DCRNN-Occupancy - INFO - Epoch 96, Batch 50/249, Loss: 0.1429, TF Ratio: 0.100
2025-11-14 07:30:54,255 - DCRNN-Occupancy - INFO - Epoch 96, Batch 100/249, Loss: 0.2883, TF Ratio: 0.100
2025-11-14 07:31:00,009 - DCRNN-Occupancy - INFO - Epoch 96, Batch 150/249, Loss: 0.2415, TF Ratio: 0.100
2025-11-14 07:31:05,782 - DCRNN-Occupancy - INFO - Epoch 96, Batch 200/249, Loss: 0.2285, TF Ratio: 0.100
2025-11-14 07:31:15,683 - DCRNN-Occupancy - INFO - Epoch 96: Train Loss: 0.2004, Val Loss: 0.2483, LR: 0.000002, Time: 33.4s
2025-11-14 07:31:15,683 - DCRNN-Occupancy - INFO - 혼잡도 예측 범위 (정규화): [-0.98, 2.49]
2025-11-14 07:31:15,683 - DCRNN-Occupancy - INFO - 혼잡도 예측 범위 (실제): [-0.0, 1437.8]명
2025-11-14 07:31:15,801 - DCRNN-Occupancy - INFO - Epoch 97, Batch 0/249, Loss: 0.0113, TF Ratio: 0.100
2025-11-14 07:31:21,680 - DCRNN-Occupancy - INFO - Epoch 97, Batch 50/249, Loss: 0.1077, TF Ratio: 0.100
2025-11-14 07:31:27,531 - DCRNN-Occupancy - INFO - Epoch 97, Batch 100/249, Loss: 0.2601, TF Ratio: 0.100
2025-11-14 07:31:33,366 - DCRNN-Occupancy - INFO - Epoch 97, Batch 150/249, Loss: 0.1759, TF Ratio: 0.100
2025-11-14 07:31:39,232 - DCRNN-Occupancy - INFO - Epoch 97, Batch 200/249, Loss: 0.0161, TF Ratio: 0.100
2025-11-14 07:31:49,458 - DCRNN-Occupancy - INFO - Epoch 97: Train Loss: 0.1980, Val Loss: 0.2483, LR: 0.000001, Time: 33.8s
2025-11-14 07:31:49,458 - DCRNN-Occupancy - INFO - 혼잡도 예측 범위 (정규화): [-0.99, 2.51]
2025-11-14 07:31:49,458 - DCRNN-Occupancy - INFO - 혼잡도 예측 범위 (실제): [-0.0, 1500.5]명
2025-11-14 07:31:49,666 - DCRNN-Occupancy - INFO - Epoch 98, Batch 0/249, Loss: 0.0206, TF Ratio: 0.100
2025-11-14 07:31:55,702 - DCRNN-Occupancy - INFO - Epoch 98, Batch 50/249, Loss: 0.2038, TF Ratio: 0.100
2025-11-14 07:32:01,674 - DCRNN-Occupancy - INFO - Epoch 98, Batch 100/249, Loss: 0.2327, TF Ratio: 0.100
2025-11-14 07:32:07,542 - DCRNN-Occupancy - INFO - Epoch 98, Batch 150/249, Loss: 0.1876, TF Ratio: 0.100
2025-11-14 07:32:13,408 - DCRNN-Occupancy - INFO - Epoch 98, Batch 200/249, Loss: 0.2046, TF Ratio: 0.100
2025-11-14 07:32:23,344 - DCRNN-Occupancy - INFO - Epoch 98: Train Loss: 0.2017, Val Loss: 0.2483, LR: 0.000001, Time: 33.9s
2025-11-14 07:32:23,344 - DCRNN-Occupancy - INFO - 혼잡도 예측 범위 (정규화): [-0.99, 2.48]
2025-11-14 07:32:23,344 - DCRNN-Occupancy - INFO - 혼잡도 예측 범위 (실제): [-0.0, 1401.3]명
2025-11-14 07:32:23,460 - DCRNN-Occupancy - INFO - Epoch 99, Batch 0/249, Loss: 0.0154, TF Ratio: 0.100
2025-11-14 07:32:29,372 - DCRNN-Occupancy - INFO - Epoch 99, Batch 50/249, Loss: 0.1288, TF Ratio: 0.100
2025-11-14 07:32:35,275 - DCRNN-Occupancy - INFO - Epoch 99, Batch 100/249, Loss: 0.2214, TF Ratio: 0.100
2025-11-14 07:32:41,320 - DCRNN-Occupancy - INFO - Epoch 99, Batch 150/249, Loss: 0.2302, TF Ratio: 0.100
2025-11-14 07:32:47,441 - DCRNN-Occupancy - INFO - Epoch 99, Batch 200/249, Loss: 0.1464, TF Ratio: 0.100
2025-11-14 07:32:57,499 - DCRNN-Occupancy - INFO - Epoch 99: Train Loss: 0.2010, Val Loss: 0.2483, LR: 0.000001, Time: 34.2s
2025-11-14 07:32:57,499 - DCRNN-Occupancy - INFO - 혼잡도 예측 범위 (정규화): [-0.98, 2.53]
2025-11-14 07:32:57,499 - DCRNN-Occupancy - INFO - 혼잡도 예측 범위 (실제): [-0.0, 1540.6]명
2025-11-14 07:32:57,500 - DCRNN-Occupancy - INFO - 혼잡도 모델 훈련 완료!
Using device: cpu
🔧 승하차 데이터 사전 처리 중...
✅ 승하차 데이터 사전 처리 완료
Dataset 생성 완료:
  - 시퀀스 수: 1992
  - 입력 길이: 12시간
  - 예측 길이: 1시간
  - 역 수: 22개
  - 타깃: ['occupancy']
📊 Log1p + 정규화 통계 계산 중...
  📈 원본 범위: [0.0, 3539.1]명
  📈 Log1p 범위: [0.000, 8.172]
  📈 정규화 통계: mean=2.030, std=2.103
🔧 승하차 데이터 사전 처리 중...
✅ 승하차 데이터 사전 처리 완료
Dataset 생성 완료:
  - 시퀀스 수: 444
  - 입력 길이: 12시간
  - 예측 길이: 1시간
  - 역 수: 22개
  - 타깃: ['occupancy']
  📊 외부 정규화 통계 사용: mean=2.030, std=2.103
🔄 Resumed from epoch 25, starting at epoch 26
